Jul  9 17:45:30 localhost kernel: imklog 5.8.10, log source = /proc/kmsg started.
Jul  9 17:45:30 localhost rsyslogd: [origin software="rsyslogd" swVersion="5.8.10" x-pid="1744" x-info="http://www.rsyslog.com"] start
Jul  9 17:45:30 localhost kernel: Initializing cgroup subsys cpuset
Jul  9 17:45:30 localhost kernel: Initializing cgroup subsys cpu
Jul  9 17:45:30 localhost kernel: Linux version 2.6.32-279.el6.x86_64 (mockbuild@x86-008.build.bos.redhat.com) (gcc version 4.4.6 20120305 (Red Hat 4.4.6-4) (GCC) ) #1 SMP Wed Jun 13 18:24:36 EDT 2012
Jul  9 17:45:30 localhost kernel: Command line: ro root=/dev/mapper/VolGroup-lv_root rd_NO_LUKS rd_NO_MD rd_LVM_LV=VolGroup/lv_swap crashkernel=auto LANG=zh_CN.UTF-8 rd_LVM_LV=VolGroup/lv_root  KEYBOARDTYPE=pc KEYTABLE=us rd_NO_DM rhgb quiet
Jul  9 17:45:30 localhost kernel: KERNEL supported cpus:
Jul  9 17:45:30 localhost kernel:  Intel GenuineIntel
Jul  9 17:45:30 localhost kernel:  AMD AuthenticAMD
Jul  9 17:45:30 localhost kernel:  Centaur CentaurHauls
Jul  9 17:45:30 localhost kernel: BIOS-provided physical RAM map:
Jul  9 17:45:30 localhost kernel: BIOS-e820: 0000000000000000 - 00000000000a0000 (usable)
Jul  9 17:45:30 localhost kernel: BIOS-e820: 0000000000100000 - 0000000020000000 (usable)
Jul  9 17:45:30 localhost kernel: BIOS-e820: 0000000020000000 - 0000000020200000 (reserved)
Jul  9 17:45:30 localhost kernel: BIOS-e820: 0000000020200000 - 0000000040000000 (usable)
Jul  9 17:45:30 localhost kernel: BIOS-e820: 0000000040000000 - 0000000040200000 (reserved)
Jul  9 17:45:30 localhost kernel: BIOS-e820: 0000000040200000 - 00000000baaa9000 (usable)
Jul  9 17:45:30 localhost kernel: BIOS-e820: 00000000baaa9000 - 00000000baaf2000 (ACPI NVS)
Jul  9 17:45:30 localhost kernel: BIOS-e820: 00000000baaf2000 - 00000000baafb000 (ACPI data)
Jul  9 17:45:30 localhost kernel: BIOS-e820: 00000000baafb000 - 00000000bab0e000 (reserved)
Jul  9 17:45:30 localhost kernel: BIOS-e820: 00000000bab0e000 - 00000000bab10000 (usable)
Jul  9 17:45:30 localhost kernel: BIOS-e820: 00000000bab10000 - 00000000bab1e000 (ACPI NVS)
Jul  9 17:45:30 localhost kernel: BIOS-e820: 00000000bab1e000 - 00000000bab6f000 (reserved)
Jul  9 17:45:30 localhost kernel: BIOS-e820: 00000000bab6f000 - 00000000babb2000 (ACPI NVS)
Jul  9 17:45:30 localhost kernel: BIOS-e820: 00000000babb2000 - 00000000bae2e000 (usable)
Jul  9 17:45:30 localhost kernel: BIOS-e820: 00000000bae2e000 - 00000000bae34000 (reserved)
Jul  9 17:45:30 localhost kernel: BIOS-e820: 00000000bae34000 - 00000000bae44000 (usable)
Jul  9 17:45:30 localhost kernel: BIOS-e820: 00000000bae44000 - 00000000baff4000 (reserved)
Jul  9 17:45:30 localhost kernel: BIOS-e820: 00000000baff4000 - 00000000bb000000 (usable)
Jul  9 17:45:30 localhost kernel: BIOS-e820: 00000000bbe00000 - 00000000c0000000 (reserved)
Jul  9 17:45:30 localhost kernel: BIOS-e820: 00000000fed1c000 - 00000000fed20000 (reserved)
Jul  9 17:45:30 localhost kernel: BIOS-e820: 00000000ff000000 - 0000000100000000 (reserved)
Jul  9 17:45:30 localhost kernel: BIOS-e820: 0000000100000000 - 000000013f800000 (usable)
Jul  9 17:45:30 localhost kernel: EFI v2.10 by American Megatrends
Jul  9 17:45:30 localhost kernel: SMBIOS=0xbab6dd98  ACPI=0xbaaf2000  ACPI 2.0=0xbaaf2000  MPS=0xfc930 
Jul  9 17:45:30 localhost kernel: EFI: mem00: type=3, attr=0xf, range=[0x0000000000000000-0x0000000000008000) (0MB)
Jul  9 17:45:30 localhost kernel: EFI: mem01: type=7, attr=0xf, range=[0x0000000000008000-0x0000000000065000) (0MB)
Jul  9 17:45:30 localhost kernel: EFI: mem02: type=2, attr=0xf, range=[0x0000000000065000-0x0000000000067000) (0MB)
Jul  9 17:45:30 localhost kernel: EFI: mem03: type=4, attr=0xf, range=[0x0000000000067000-0x0000000000078000) (0MB)
Jul  9 17:45:30 localhost kernel: EFI: mem04: type=3, attr=0xf, range=[0x0000000000078000-0x00000000000a0000) (0MB)
Jul  9 17:45:30 localhost kernel: EFI: mem05: type=4, attr=0xf, range=[0x0000000000100000-0x0000000000586000) (4MB)
Jul  9 17:45:30 localhost kernel: EFI: mem06: type=3, attr=0xf, range=[0x0000000000586000-0x000000000058a000) (0MB)
Jul  9 17:45:30 localhost kernel: EFI: mem07: type=4, attr=0xf, range=[0x000000000058a000-0x000000000058f000) (0MB)
Jul  9 17:45:30 localhost kernel: EFI: mem08: type=3, attr=0xf, range=[0x000000000058f000-0x0000000000592000) (0MB)
Jul  9 17:45:30 localhost kernel: EFI: mem09: type=4, attr=0xf, range=[0x0000000000592000-0x00000000005ba000) (0MB)
Jul  9 17:45:30 localhost kernel: EFI: mem10: type=3, attr=0xf, range=[0x00000000005ba000-0x00000000005bc000) (0MB)
Jul  9 17:45:30 localhost kernel: EFI: mem11: type=4, attr=0xf, range=[0x00000000005bc000-0x00000000005c3000) (0MB)
Jul  9 17:45:30 localhost kernel: EFI: mem12: type=3, attr=0xf, range=[0x00000000005c3000-0x00000000005cc000) (0MB)
Jul  9 17:45:30 localhost kernel: EFI: mem13: type=4, attr=0xf, range=[0x00000000005cc000-0x00000000005d4000) (0MB)
Jul  9 17:45:30 localhost kernel: EFI: mem14: type=3, attr=0xf, range=[0x00000000005d4000-0x00000000005d5000) (0MB)
Jul  9 17:45:30 localhost kernel: EFI: mem15: type=4, attr=0xf, range=[0x00000000005d5000-0x00000000005d6000) (0MB)
Jul  9 17:45:30 localhost kernel: EFI: mem16: type=3, attr=0xf, range=[0x00000000005d6000-0x00000000005da000) (0MB)
Jul  9 17:45:30 localhost kernel: EFI: mem17: type=4, attr=0xf, range=[0x00000000005da000-0x00000000005f3000) (0MB)
Jul  9 17:45:30 localhost kernel: EFI: mem18: type=3, attr=0xf, range=[0x00000000005f3000-0x00000000005f4000) (0MB)
Jul  9 17:45:30 localhost kernel: EFI: mem19: type=4, attr=0xf, range=[0x00000000005f4000-0x00000000005fb000) (0MB)
Jul  9 17:45:30 localhost kernel: EFI: mem20: type=3, attr=0xf, range=[0x00000000005fb000-0x0000000000606000) (0MB)
Jul  9 17:45:30 localhost kernel: EFI: mem21: type=4, attr=0xf, range=[0x0000000000606000-0x000000000060a000) (0MB)
Jul  9 17:45:30 localhost kernel: EFI: mem22: type=3, attr=0xf, range=[0x000000000060a000-0x0000000000612000) (0MB)
Jul  9 17:45:30 localhost kernel: EFI: mem23: type=4, attr=0xf, range=[0x0000000000612000-0x0000000000631000) (0MB)
Jul  9 17:45:30 localhost kernel: EFI: mem24: type=3, attr=0xf, range=[0x0000000000631000-0x0000000000634000) (0MB)
Jul  9 17:45:30 localhost kernel: EFI: mem25: type=4, attr=0xf, range=[0x0000000000634000-0x0000000000637000) (0MB)
Jul  9 17:45:30 localhost kernel: EFI: mem26: type=3, attr=0xf, range=[0x0000000000637000-0x000000000063a000) (0MB)
Jul  9 17:45:30 localhost kernel: EFI: mem27: type=4, attr=0xf, range=[0x000000000063a000-0x000000000063e000) (0MB)
Jul  9 17:45:30 localhost kernel: EFI: mem28: type=3, attr=0xf, range=[0x000000000063e000-0x000000000064f000) (0MB)
Jul  9 17:45:30 localhost kernel: EFI: mem29: type=4, attr=0xf, range=[0x000000000064f000-0x000000000065a000) (0MB)
Jul  9 17:45:30 localhost kernel: EFI: mem30: type=3, attr=0xf, range=[0x000000000065a000-0x000000000065c000) (0MB)
Jul  9 17:45:30 localhost kernel: EFI: mem31: type=4, attr=0xf, range=[0x000000000065c000-0x000000000065d000) (0MB)
Jul  9 17:45:30 localhost kernel: EFI: mem32: type=3, attr=0xf, range=[0x000000000065d000-0x0000000000664000) (0MB)
Jul  9 17:45:30 localhost kernel: EFI: mem33: type=4, attr=0xf, range=[0x0000000000664000-0x0000000000666000) (0MB)
Jul  9 17:45:30 localhost kernel: EFI: mem34: type=3, attr=0xf, range=[0x0000000000666000-0x000000000066c000) (0MB)
Jul  9 17:45:30 localhost kernel: EFI: mem35: type=4, attr=0xf, range=[0x000000000066c000-0x000000000066e000) (0MB)
Jul  9 17:45:30 localhost kernel: EFI: mem36: type=3, attr=0xf, range=[0x000000000066e000-0x000000000066f000) (0MB)
Jul  9 17:45:30 localhost kernel: EFI: mem37: type=4, attr=0xf, range=[0x000000000066f000-0x0000000000678000) (0MB)
Jul  9 17:45:30 localhost kernel: EFI: mem38: type=3, attr=0xf, range=[0x0000000000678000-0x0000000000679000) (0MB)
Jul  9 17:45:30 localhost kernel: EFI: mem39: type=4, attr=0xf, range=[0x0000000000679000-0x000000000067a000) (0MB)
Jul  9 17:45:30 localhost kernel: EFI: mem40: type=3, attr=0xf, range=[0x000000000067a000-0x000000000067d000) (0MB)
Jul  9 17:45:30 localhost kernel: EFI: mem41: type=4, attr=0xf, range=[0x000000000067d000-0x0000000000694000) (0MB)
Jul  9 17:45:30 localhost kernel: EFI: mem42: type=3, attr=0xf, range=[0x0000000000694000-0x000000000069d000) (0MB)
Jul  9 17:45:30 localhost kernel: EFI: mem43: type=4, attr=0xf, range=[0x000000000069d000-0x000000000069f000) (0MB)
Jul  9 17:45:30 localhost kernel: EFI: mem44: type=3, attr=0xf, range=[0x000000000069f000-0x00000000006a7000) (0MB)
Jul  9 17:45:30 localhost kernel: EFI: mem45: type=4, attr=0xf, range=[0x00000000006a7000-0x00000000006ad000) (0MB)
Jul  9 17:45:30 localhost kernel: EFI: mem46: type=3, attr=0xf, range=[0x00000000006ad000-0x00000000006b0000) (0MB)
Jul  9 17:45:30 localhost kernel: EFI: mem47: type=4, attr=0xf, range=[0x00000000006b0000-0x00000000006b1000) (0MB)
Jul  9 17:45:30 localhost kernel: EFI: mem48: type=3, attr=0xf, range=[0x00000000006b1000-0x00000000006b5000) (0MB)
Jul  9 17:45:30 localhost kernel: EFI: mem49: type=4, attr=0xf, range=[0x00000000006b5000-0x00000000006bb000) (0MB)
Jul  9 17:45:30 localhost kernel: EFI: mem50: type=3, attr=0xf, range=[0x00000000006bb000-0x00000000006d0000) (0MB)
Jul  9 17:45:30 localhost kernel: EFI: mem51: type=4, attr=0xf, range=[0x00000000006d0000-0x00000000006d3000) (0MB)
Jul  9 17:45:30 localhost kernel: EFI: mem52: type=3, attr=0xf, range=[0x00000000006d3000-0x00000000006d8000) (0MB)
Jul  9 17:45:30 localhost kernel: EFI: mem53: type=4, attr=0xf, range=[0x00000000006d8000-0x00000000006e1000) (0MB)
Jul  9 17:45:30 localhost kernel: EFI: mem54: type=3, attr=0xf, range=[0x00000000006e1000-0x00000000006f6000) (0MB)
Jul  9 17:45:30 localhost kernel: EFI: mem55: type=4, attr=0xf, range=[0x00000000006f6000-0x00000000006f7000) (0MB)
Jul  9 17:45:30 localhost kernel: EFI: mem56: type=3, attr=0xf, range=[0x00000000006f7000-0x00000000006fa000) (0MB)
Jul  9 17:45:30 localhost kernel: EFI: mem57: type=4, attr=0xf, range=[0x00000000006fa000-0x0000000000708000) (0MB)
Jul  9 17:45:30 localhost kernel: EFI: mem58: type=3, attr=0xf, range=[0x0000000000708000-0x0000000000709000) (0MB)
Jul  9 17:45:30 localhost kernel: EFI: mem59: type=4, attr=0xf, range=[0x0000000000709000-0x000000000070a000) (0MB)
Jul  9 17:45:30 localhost kernel: EFI: mem60: type=3, attr=0xf, range=[0x000000000070a000-0x000000000070b000) (0MB)
Jul  9 17:45:30 localhost kernel: EFI: mem61: type=4, attr=0xf, range=[0x000000000070b000-0x000000000070d000) (0MB)
Jul  9 17:45:30 localhost kernel: EFI: mem62: type=3, attr=0xf, range=[0x000000000070d000-0x0000000000712000) (0MB)
Jul  9 17:45:30 localhost kernel: EFI: mem63: type=4, attr=0xf, range=[0x0000000000712000-0x0000000000c77000) (5MB)
Jul  9 17:45:30 localhost kernel: EFI: mem64: type=3, attr=0xf, range=[0x0000000000c77000-0x0000000000cc5000) (0MB)
Jul  9 17:45:30 localhost kernel: EFI: mem65: type=4, attr=0xf, range=[0x0000000000cc5000-0x0000000000ccf000) (0MB)
Jul  9 17:45:30 localhost kernel: EFI: mem66: type=3, attr=0xf, range=[0x0000000000ccf000-0x0000000000cd1000) (0MB)
Jul  9 17:45:30 localhost kernel: EFI: mem67: type=4, attr=0xf, range=[0x0000000000cd1000-0x0000000000d06000) (0MB)
Jul  9 17:45:30 localhost kernel: EFI: mem68: type=3, attr=0xf, range=[0x0000000000d06000-0x0000000000d0b000) (0MB)
Jul  9 17:45:30 localhost kernel: EFI: mem69: type=4, attr=0xf, range=[0x0000000000d0b000-0x0000000000d0d000) (0MB)
Jul  9 17:45:30 localhost kernel: EFI: mem70: type=3, attr=0xf, range=[0x0000000000d0d000-0x0000000000d11000) (0MB)
Jul  9 17:45:30 localhost kernel: EFI: mem71: type=4, attr=0xf, range=[0x0000000000d11000-0x0000000000d16000) (0MB)
Jul  9 17:45:30 localhost kernel: EFI: mem72: type=3, attr=0xf, range=[0x0000000000d16000-0x0000000000d17000) (0MB)
Jul  9 17:45:30 localhost kernel: EFI: mem73: type=4, attr=0xf, range=[0x0000000000d17000-0x0000000000d19000) (0MB)
Jul  9 17:45:30 localhost kernel: EFI: mem74: type=3, attr=0xf, range=[0x0000000000d19000-0x0000000000d1a000) (0MB)
Jul  9 17:45:30 localhost kernel: EFI: mem75: type=4, attr=0xf, range=[0x0000000000d1a000-0x0000000000d27000) (0MB)
Jul  9 17:45:30 localhost kernel: EFI: mem76: type=3, attr=0xf, range=[0x0000000000d27000-0x0000000000d2c000) (0MB)
Jul  9 17:45:30 localhost kernel: EFI: mem77: type=4, attr=0xf, range=[0x0000000000d2c000-0x0000000000d2f000) (0MB)
Jul  9 17:45:30 localhost kernel: EFI: mem78: type=3, attr=0xf, range=[0x0000000000d2f000-0x0000000000d31000) (0MB)
Jul  9 17:45:30 localhost kernel: EFI: mem79: type=4, attr=0xf, range=[0x0000000000d31000-0x0000000000d77000) (0MB)
Jul  9 17:45:30 localhost kernel: EFI: mem80: type=3, attr=0xf, range=[0x0000000000d77000-0x0000000000d7a000) (0MB)
Jul  9 17:45:30 localhost kernel: EFI: mem81: type=4, attr=0xf, range=[0x0000000000d7a000-0x0000000000d81000) (0MB)
Jul  9 17:45:30 localhost kernel: EFI: mem82: type=3, attr=0xf, range=[0x0000000000d81000-0x0000000000d89000) (0MB)
Jul  9 17:45:30 localhost kernel: EFI: mem83: type=4, attr=0xf, range=[0x0000000000d89000-0x0000000000d97000) (0MB)
Jul  9 17:45:30 localhost kernel: EFI: mem84: type=3, attr=0xf, range=[0x0000000000d97000-0x0000000000d9a000) (0MB)
Jul  9 17:45:30 localhost kernel: EFI: mem85: type=4, attr=0xf, range=[0x0000000000d9a000-0x0000000000d9c000) (0MB)
Jul  9 17:45:30 localhost kernel: EFI: mem86: type=3, attr=0xf, range=[0x0000000000d9c000-0x0000000000d9e000) (0MB)
Jul  9 17:45:30 localhost kernel: EFI: mem87: type=4, attr=0xf, range=[0x0000000000d9e000-0x0000000000da6000) (0MB)
Jul  9 17:45:30 localhost kernel: EFI: mem88: type=3, attr=0xf, range=[0x0000000000da6000-0x0000000000dae000) (0MB)
Jul  9 17:45:30 localhost kernel: EFI: mem89: type=4, attr=0xf, range=[0x0000000000dae000-0x0000000000dc4000) (0MB)
Jul  9 17:45:30 localhost kernel: EFI: mem90: type=3, attr=0xf, range=[0x0000000000dc4000-0x0000000000dd1000) (0MB)
Jul  9 17:45:30 localhost kernel: EFI: mem91: type=4, attr=0xf, range=[0x0000000000dd1000-0x0000000000dd3000) (0MB)
Jul  9 17:45:30 localhost kernel: EFI: mem92: type=3, attr=0xf, range=[0x0000000000dd3000-0x0000000000dd6000) (0MB)
Jul  9 17:45:30 localhost kernel: EFI: mem93: type=4, attr=0xf, range=[0x0000000000dd6000-0x0000000000dd9000) (0MB)
Jul  9 17:45:30 localhost kernel: EFI: mem94: type=3, attr=0xf, range=[0x0000000000dd9000-0x0000000000ddb000) (0MB)
Jul  9 17:45:30 localhost kernel: EFI: mem95: type=4, attr=0xf, range=[0x0000000000ddb000-0x0000000000df1000) (0MB)
Jul  9 17:45:30 localhost kernel: EFI: mem96: type=3, attr=0xf, range=[0x0000000000df1000-0x0000000000df3000) (0MB)
Jul  9 17:45:30 localhost kernel: EFI: mem97: type=4, attr=0xf, range=[0x0000000000df3000-0x0000000000dfb000) (0MB)
Jul  9 17:45:30 localhost kernel: EFI: mem98: type=3, attr=0xf, range=[0x0000000000dfb000-0x0000000000dfd000) (0MB)
Jul  9 17:45:30 localhost kernel: EFI: mem99: type=4, attr=0xf, range=[0x0000000000dfd000-0x0000000000dfe000) (0MB)
Jul  9 17:45:30 localhost kernel: EFI: mem100: type=3, attr=0xf, range=[0x0000000000dfe000-0x0000000000e02000) (0MB)
Jul  9 17:45:30 localhost kernel: EFI: mem101: type=4, attr=0xf, range=[0x0000000000e02000-0x0000000000e19000) (0MB)
Jul  9 17:45:30 localhost kernel: EFI: mem102: type=3, attr=0xf, range=[0x0000000000e19000-0x0000000000e26000) (0MB)
Jul  9 17:45:30 localhost kernel: EFI: mem103: type=4, attr=0xf, range=[0x0000000000e26000-0x0000000000e28000) (0MB)
Jul  9 17:45:30 localhost kernel: EFI: mem104: type=3, attr=0xf, range=[0x0000000000e28000-0x0000000000e2b000) (0MB)
Jul  9 17:45:30 localhost kernel: EFI: mem105: type=4, attr=0xf, range=[0x0000000000e2b000-0x0000000000e3e000) (0MB)
Jul  9 17:45:30 localhost kernel: EFI: mem106: type=3, attr=0xf, range=[0x0000000000e3e000-0x0000000000e40000) (0MB)
Jul  9 17:45:30 localhost kernel: EFI: mem107: type=4, attr=0xf, range=[0x0000000000e40000-0x0000000000e46000) (0MB)
Jul  9 17:45:30 localhost kernel: EFI: mem108: type=3, attr=0xf, range=[0x0000000000e46000-0x0000000000e53000) (0MB)
Jul  9 17:45:30 localhost kernel: EFI: mem109: type=4, attr=0xf, range=[0x0000000000e53000-0x0000000000e92000) (0MB)
Jul  9 17:45:30 localhost kernel: EFI: mem110: type=2, attr=0xf, range=[0x0000000000e92000-0x0000000000e94000) (0MB)
Jul  9 17:45:30 localhost kernel: EFI: mem111: type=4, attr=0xf, range=[0x0000000000e94000-0x0000000000f92000) (0MB)
Jul  9 17:45:30 localhost kernel: EFI: mem112: type=3, attr=0xf, range=[0x0000000000f92000-0x0000000000f9f000) (0MB)
Jul  9 17:45:30 localhost kernel: EFI: mem113: type=4, attr=0xf, range=[0x0000000000f9f000-0x0000000000fa4000) (0MB)
Jul  9 17:45:30 localhost kernel: EFI: mem114: type=3, attr=0xf, range=[0x0000000000fa4000-0x0000000000fa6000) (0MB)
Jul  9 17:45:30 localhost kernel: EFI: mem115: type=4, attr=0xf, range=[0x0000000000fa6000-0x0000000001000000) (0MB)
Jul  9 17:45:30 localhost kernel: EFI: mem116: type=2, attr=0xf, range=[0x0000000001000000-0x0000000001100000) (1MB)
Jul  9 17:45:30 localhost kernel: EFI: mem117: type=4, attr=0xf, range=[0x0000000001100000-0x000000000110c000) (0MB)
Jul  9 17:45:30 localhost kernel: EFI: mem118: type=2, attr=0xf, range=[0x000000000110c000-0x0000000001110000) (0MB)
Jul  9 17:45:30 localhost kernel: EFI: mem119: type=4, attr=0xf, range=[0x0000000001110000-0x0000000001133000) (0MB)
Jul  9 17:45:30 localhost kernel: EFI: mem120: type=2, attr=0xf, range=[0x0000000001133000-0x000000000116e000) (0MB)
Jul  9 17:45:30 localhost kernel: EFI: mem121: type=1, attr=0xf, range=[0x000000000116e000-0x00000000011ae000) (0MB)
Jul  9 17:45:30 localhost kernel: EFI: mem122: type=2, attr=0xf, range=[0x00000000011ae000-0x000000000140d000) (2MB)
Jul  9 17:45:30 localhost kernel: EFI: mem123: type=4, attr=0xf, range=[0x000000000140d000-0x000000000170e000) (3MB)
Jul  9 17:45:30 localhost kernel: EFI: mem124: type=2, attr=0xf, range=[0x000000000170e000-0x0000000001a0f000) (3MB)
Jul  9 17:45:30 localhost kernel: EFI: mem125: type=4, attr=0xf, range=[0x0000000001a0f000-0x0000000001d10000) (3MB)
Jul  9 17:45:30 localhost kernel: EFI: mem126: type=2, attr=0xf, range=[0x0000000001d10000-0x0000000002274000) (5MB)
Jul  9 17:45:30 localhost kernel: EFI: mem127: type=7, attr=0xf, range=[0x0000000002274000-0x0000000020000000) (477MB)
Jul  9 17:45:30 localhost kernel: EFI: mem128: type=6, attr=0x800000000000000f, range=[0x0000000020000000-0x0000000020200000) (2MB)
Jul  9 17:45:30 localhost kernel: EFI: mem129: type=7, attr=0xf, range=[0x0000000020200000-0x0000000040000000) (510MB)
Jul  9 17:45:30 localhost kernel: EFI: mem130: type=6, attr=0x800000000000000f, range=[0x0000000040000000-0x0000000040200000) (2MB)
Jul  9 17:45:30 localhost kernel: EFI: mem131: type=7, attr=0xf, range=[0x0000000040200000-0x000000007ec40000) (1002MB)
Jul  9 17:45:30 localhost kernel: EFI: mem132: type=2, attr=0xf, range=[0x000000007ec40000-0x0000000080000000) (19MB)
Jul  9 17:45:30 localhost kernel: EFI: mem133: type=7, attr=0xf, range=[0x0000000080000000-0x00000000baaa9000) (938MB)
Jul  9 17:45:30 localhost kernel: EFI: mem134: type=10, attr=0xf, range=[0x00000000baaa9000-0x00000000baaf2000) (0MB)
Jul  9 17:45:30 localhost kernel: EFI: mem135: type=9, attr=0xf, range=[0x00000000baaf2000-0x00000000baafb000) (0MB)
Jul  9 17:45:30 localhost kernel: EFI: mem136: type=5, attr=0x800000000000000f, range=[0x00000000baafb000-0x00000000baafc000) (0MB)
Jul  9 17:45:30 localhost kernel: EFI: mem137: type=0, attr=0xf, range=[0x00000000baafc000-0x00000000bab0b000) (0MB)
Jul  9 17:45:30 localhost kernel: EFI: mem138: type=5, attr=0x800000000000000f, range=[0x00000000bab0b000-0x00000000bab0c000) (0MB)
Jul  9 17:45:30 localhost kernel: EFI: mem139: type=6, attr=0x800000000000000f, range=[0x00000000bab0c000-0x00000000bab0e000) (0MB)
Jul  9 17:45:30 localhost kernel: EFI: mem140: type=7, attr=0xf, range=[0x00000000bab0e000-0x00000000bab10000) (0MB)
Jul  9 17:45:30 localhost kernel: EFI: mem141: type=10, attr=0xf, range=[0x00000000bab10000-0x00000000bab1e000) (0MB)
Jul  9 17:45:30 localhost kernel: EFI: mem142: type=6, attr=0x800000000000000f, range=[0x00000000bab1e000-0x00000000bab5f000) (0MB)
Jul  9 17:45:30 localhost kernel: EFI: mem143: type=5, attr=0x800000000000000f, range=[0x00000000bab5f000-0x00000000bab6d000) (0MB)
Jul  9 17:45:30 localhost kernel: EFI: mem144: type=6, attr=0x800000000000000f, range=[0x00000000bab6d000-0x00000000bab6f000) (0MB)
Jul  9 17:45:30 localhost kernel: EFI: mem145: type=10, attr=0xf, range=[0x00000000bab6f000-0x00000000babb2000) (0MB)
Jul  9 17:45:30 localhost kernel: EFI: mem146: type=3, attr=0xf, range=[0x00000000babb2000-0x00000000bae2e000) (2MB)
Jul  9 17:45:30 localhost kernel: EFI: mem147: type=5, attr=0x800000000000000f, range=[0x00000000bae2e000-0x00000000bae30000) (0MB)
Jul  9 17:45:30 localhost kernel: EFI: mem148: type=6, attr=0x800000000000000f, range=[0x00000000bae30000-0x00000000bae34000) (0MB)
Jul  9 17:45:30 localhost kernel: EFI: mem149: type=3, attr=0xf, range=[0x00000000bae34000-0x00000000bae3c000) (0MB)
Jul  9 17:45:30 localhost kernel: EFI: mem150: type=4, attr=0xf, range=[0x00000000bae3c000-0x00000000bae3f000) (0MB)
Jul  9 17:45:30 localhost kernel: EFI: mem151: type=3, attr=0xf, range=[0x00000000bae3f000-0x00000000bae44000) (0MB)
Jul  9 17:45:30 localhost kernel: EFI: mem152: type=6, attr=0x800000000000000f, range=[0x00000000bae44000-0x00000000baff4000) (1MB)
Jul  9 17:45:30 localhost kernel: EFI: mem153: type=3, attr=0xf, range=[0x00000000baff4000-0x00000000bb000000) (0MB)
Jul  9 17:45:30 localhost kernel: EFI: mem154: type=7, attr=0xf, range=[0x0000000100000000-0x000000013f800000) (1016MB)
Jul  9 17:45:30 localhost kernel: EFI: mem155: type=0, attr=0x8000000000000000, range=[0x00000000bbe00000-0x00000000c0000000) (66MB)
Jul  9 17:45:30 localhost kernel: EFI: mem156: type=11, attr=0x8000000000000001, range=[0x00000000fed1c000-0x00000000fed20000) (0MB)
Jul  9 17:45:30 localhost kernel: EFI: mem157: type=11, attr=0x8000000000000001, range=[0x00000000ff000000-0x0000000100000000) (16MB)
Jul  9 17:45:30 localhost kernel: DMI 2.6 present.
Jul  9 17:45:30 localhost kernel: SMBIOS version 2.6 @ 0xBAB6DD98
Jul  9 17:45:30 localhost kernel: last_pfn = 0x13f800 max_arch_pfn = 0x400000000
Jul  9 17:45:30 localhost kernel: x86 PAT enabled: cpu 0, old 0x7040600070406, new 0x7010600070106
Jul  9 17:45:30 localhost kernel: total RAM covered: 4016M
Jul  9 17:45:30 localhost kernel: Found optimal setting for mtrr clean up
Jul  9 17:45:30 localhost kernel: gran_size: 64K 	chunk_size: 128M 	num_reg: 6  	lose cover RAM: 0G
Jul  9 17:45:30 localhost kernel: last_pfn = 0xbb000 max_arch_pfn = 0x400000000
Jul  9 17:45:30 localhost kernel: init_memory_mapping: 0000000000000000-00000000bb000000
Jul  9 17:45:30 localhost kernel: init_memory_mapping: 0000000100000000-000000013f800000
Jul  9 17:45:30 localhost kernel: RAMDISK: 7ec40000 - 7fbfbaa2
Jul  9 17:45:30 localhost kernel: ACPI: RSDP 00000000baaf2000 00024 (v02 HPQOEM)
Jul  9 17:45:30 localhost kernel: ACPI: XSDT 00000000baaf2070 00064 (v01 HPQOEM SLIC-CPC 01072009 AMI  00010013)
Jul  9 17:45:30 localhost kernel: ACPI: FACP 00000000baaf9348 000F4 (v04 HPQOEM SLIC-CPC 01072009 AMI  00010013)
Jul  9 17:45:30 localhost kernel: ACPI: DSDT 00000000baaf2168 071DD (v02 HPQOEM SLIC-CPC 00000006 INTL 20051117)
Jul  9 17:45:30 localhost kernel: ACPI: FACS 00000000bab15f80 00040
Jul  9 17:45:30 localhost kernel: ACPI: APIC 00000000baaf9440 00072 (v03 HPQOEM SLIC-CPC 01072009 AMI  00010013)
Jul  9 17:45:30 localhost kernel: ACPI: SSDT 00000000baaf94b8 00102 (v01 HPQOEM SLIC-CPC 00000001 MSFT 03000001)
Jul  9 17:45:30 localhost kernel: ACPI: MCFG 00000000baaf95c0 0003C (v01 HPQOEM SLIC-CPC 01072009 MSFT 00000097)
Jul  9 17:45:30 localhost kernel: ACPI: SLIC 00000000baaf9600 00176 (v01 HPQOEM SLIC-CPC 01072009 AMI  00010013)
Jul  9 17:45:30 localhost kernel: ACPI: HPET 00000000baaf9778 00038 (v01 HPQOEM SLIC-CPC 01072009 AMI. 00000004)
Jul  9 17:45:30 localhost kernel: ACPI: DBGP 00000000baaf97b0 00034 (v01 HPQOEM SLIC-CPC 01072009 AMI  00010013)
Jul  9 17:45:30 localhost kernel: ACPI: SSDT 00000000baaf97e8 0084A (v01 HPQOEM SLIC-CPC 00000001 MSFT 03000001)
Jul  9 17:45:30 localhost kernel: No NUMA configuration found
Jul  9 17:45:30 localhost kernel: Faking a node at 0000000000000000-000000013f800000
Jul  9 17:45:30 localhost kernel: Bootmem setup node 0 0000000000000000-000000013f800000
Jul  9 17:45:30 localhost kernel:  NODE_DATA [000000000000b000 - 000000000003efff]
Jul  9 17:45:30 localhost kernel:  bootmap [000000000003f000 -  0000000000066eff] pages 28
Jul  9 17:45:30 localhost kernel: (9 early reservations) ==> bootmem [0000000000 - 013f800000]
Jul  9 17:45:30 localhost kernel:  #0 [0000000000 - 0000001000]   BIOS data page ==> [0000000000 - 0000001000]
Jul  9 17:45:30 localhost kernel:  #1 [0000006000 - 0000008000]       TRAMPOLINE ==> [0000006000 - 0000008000]
Jul  9 17:45:30 localhost kernel:  #2 [0001000000 - 0002012024]    TEXT DATA BSS ==> [0001000000 - 0002012024]
Jul  9 17:45:30 localhost kernel:  #3 [007ec40000 - 007fbfbaa2]          RAMDISK ==> [007ec40000 - 007fbfbaa2]
Jul  9 17:45:30 localhost kernel:  #4 [000009ec00 - 0000100000]    BIOS reserved ==> [000009ec00 - 0000100000]
Jul  9 17:45:30 localhost kernel:  #5 [007fffc000 - 007fffdda0]       EFI memmap ==> [007fffc000 - 007fffdda0]
Jul  9 17:45:30 localhost kernel:  #6 [0002013000 - 0002013819]              BRK ==> [0002013000 - 0002013819]
Jul  9 17:45:30 localhost kernel:  #7 [0000008000 - 000000a000]          PGTABLE ==> [0000008000 - 000000a000]
Jul  9 17:45:30 localhost kernel:  #8 [000000a000 - 000000b000]          PGTABLE ==> [000000a000 - 000000b000]
Jul  9 17:45:30 localhost kernel: found SMP MP-table at [ffff8800000fcc40] fcc40
Jul  9 17:45:30 localhost kernel: Reserving 129MB of memory at 48MB for crashkernel (System RAM: 5112MB)
Jul  9 17:45:30 localhost kernel: Zone PFN ranges:
Jul  9 17:45:30 localhost kernel:  DMA      0x00000001 -> 0x00001000
Jul  9 17:45:30 localhost kernel:  DMA32    0x00001000 -> 0x00100000
Jul  9 17:45:30 localhost kernel:  Normal   0x00100000 -> 0x0013f800
Jul  9 17:45:30 localhost kernel: Movable zone start PFN for each node
Jul  9 17:45:30 localhost kernel: early_node_map[9] active PFN ranges
Jul  9 17:45:30 localhost kernel:    0: 0x00000001 -> 0x000000a0
Jul  9 17:45:30 localhost kernel:    0: 0x00000100 -> 0x00020000
Jul  9 17:45:30 localhost kernel:    0: 0x00020200 -> 0x00040000
Jul  9 17:45:30 localhost kernel:    0: 0x00040200 -> 0x000baaa9
Jul  9 17:45:30 localhost kernel:    0: 0x000bab0e -> 0x000bab10
Jul  9 17:45:30 localhost kernel:    0: 0x000babb2 -> 0x000bae2e
Jul  9 17:45:30 localhost kernel:    0: 0x000bae34 -> 0x000bae44
Jul  9 17:45:30 localhost kernel:    0: 0x000baff4 -> 0x000bb000
Jul  9 17:45:30 localhost kernel:    0: 0x00100000 -> 0x0013f800
Jul  9 17:45:30 localhost kernel: ACPI: PM-Timer IO Port: 0x408
Jul  9 17:45:30 localhost kernel: ACPI: LAPIC (acpi_id[0x01] lapic_id[0x00] enabled)
Jul  9 17:45:30 localhost kernel: ACPI: LAPIC (acpi_id[0x02] lapic_id[0x02] enabled)
Jul  9 17:45:30 localhost kernel: ACPI: LAPIC (acpi_id[0x03] lapic_id[0x01] enabled)
Jul  9 17:45:30 localhost kernel: ACPI: LAPIC (acpi_id[0x04] lapic_id[0x03] enabled)
Jul  9 17:45:30 localhost kernel: ACPI: LAPIC_NMI (acpi_id[0xff] high edge lint[0x1])
Jul  9 17:45:30 localhost kernel: ACPI: IOAPIC (id[0x00] address[0xfec00000] gsi_base[0])
Jul  9 17:45:30 localhost kernel: IOAPIC[0]: apic_id 0, version 32, address 0xfec00000, GSI 0-23
Jul  9 17:45:30 localhost kernel: ACPI: INT_SRC_OVR (bus 0 bus_irq 0 global_irq 2 dfl dfl)
Jul  9 17:45:30 localhost kernel: ACPI: INT_SRC_OVR (bus 0 bus_irq 9 global_irq 9 high level)
Jul  9 17:45:30 localhost kernel: Using ACPI (MADT) for SMP configuration information
Jul  9 17:45:30 localhost kernel: ACPI: HPET id: 0x8086a701 base: 0xfed00000
Jul  9 17:45:30 localhost kernel: SMP: Allowing 4 CPUs, 0 hotplug CPUs
Jul  9 17:45:30 localhost kernel: PM: Registered nosave memory: 00000000000a0000 - 0000000000100000
Jul  9 17:45:30 localhost kernel: PM: Registered nosave memory: 0000000020000000 - 0000000020200000
Jul  9 17:45:30 localhost kernel: PM: Registered nosave memory: 0000000040000000 - 0000000040200000
Jul  9 17:45:30 localhost kernel: PM: Registered nosave memory: 00000000baaa9000 - 00000000baaf2000
Jul  9 17:45:30 localhost kernel: PM: Registered nosave memory: 00000000baaf2000 - 00000000baafb000
Jul  9 17:45:30 localhost kernel: PM: Registered nosave memory: 00000000baafb000 - 00000000bab0e000
Jul  9 17:45:30 localhost kernel: PM: Registered nosave memory: 00000000bab10000 - 00000000bab1e000
Jul  9 17:45:30 localhost kernel: PM: Registered nosave memory: 00000000bab1e000 - 00000000bab6f000
Jul  9 17:45:30 localhost kernel: PM: Registered nosave memory: 00000000bab6f000 - 00000000babb2000
Jul  9 17:45:30 localhost kernel: PM: Registered nosave memory: 00000000bae2e000 - 00000000bae34000
Jul  9 17:45:30 localhost kernel: PM: Registered nosave memory: 00000000bae44000 - 00000000baff4000
Jul  9 17:45:30 localhost kernel: PM: Registered nosave memory: 00000000bb000000 - 00000000bbe00000
Jul  9 17:45:30 localhost kernel: PM: Registered nosave memory: 00000000bbe00000 - 00000000c0000000
Jul  9 17:45:30 localhost kernel: PM: Registered nosave memory: 00000000c0000000 - 00000000fed1c000
Jul  9 17:45:30 localhost kernel: PM: Registered nosave memory: 00000000fed1c000 - 00000000fed20000
Jul  9 17:45:30 localhost kernel: PM: Registered nosave memory: 00000000fed20000 - 00000000ff000000
Jul  9 17:45:30 localhost kernel: PM: Registered nosave memory: 00000000ff000000 - 0000000100000000
Jul  9 17:45:30 localhost kernel: Allocating PCI resources starting at c0000000 (gap: c0000000:3ed1c000)
Jul  9 17:45:30 localhost kernel: Booting paravirtualized kernel on bare hardware
Jul  9 17:45:30 localhost kernel: NR_CPUS:4096 nr_cpumask_bits:4 nr_cpu_ids:4 nr_node_ids:1
Jul  9 17:45:30 localhost kernel: PERCPU: Embedded 31 pages/cpu @ffff88002c200000 s94424 r8192 d24360 u524288
Jul  9 17:45:30 localhost kernel: pcpu-alloc: s94424 r8192 d24360 u524288 alloc=1*2097152
Jul  9 17:45:30 localhost kernel: pcpu-alloc: [0] 0 1 2 3 
Jul  9 17:45:30 localhost kernel: Built 1 zonelists in Node order, mobility grouping on.  Total pages: 1002466
Jul  9 17:45:30 localhost kernel: Policy zone: Normal
Jul  9 17:45:30 localhost kernel: Kernel command line: ro root=/dev/mapper/VolGroup-lv_root rd_NO_LUKS rd_NO_MD rd_LVM_LV=VolGroup/lv_swap crashkernel=129M@0M LANG=zh_CN.UTF-8 rd_LVM_LV=VolGroup/lv_root  KEYBOARDTYPE=pc KEYTABLE=us rd_NO_DM rhgb quiet
Jul  9 17:45:30 localhost kernel: PID hash table entries: 4096 (order: 3, 32768 bytes)
Jul  9 17:45:30 localhost kernel: xsave/xrstor: enabled xstate_bv 0x7, cntxt size 0x340
Jul  9 17:45:30 localhost kernel: Checking aperture...
Jul  9 17:45:30 localhost kernel: No AGP bridge found
Jul  9 17:45:30 localhost kernel: PCI-DMA: Using software bounce buffering for IO (SWIOTLB)
Jul  9 17:45:30 localhost kernel: Placing 64MB software IO TLB between ffff880024000000 - ffff880028000000
Jul  9 17:45:30 localhost kernel: software IO TLB at phys 0x24000000 - 0x28000000
Jul  9 17:45:30 localhost kernel: Memory: 3790100k/5234688k available (5151k kernel code, 1137784k absent, 306804k reserved, 7166k data, 1260k init)
Jul  9 17:45:30 localhost kernel: Hierarchical RCU implementation.
Jul  9 17:45:30 localhost kernel: NR_IRQS:33024 nr_irqs:440
Jul  9 17:45:30 localhost kernel: Extended CMOS year: 2000
Jul  9 17:45:30 localhost kernel: Console: colour dummy device 80x25
Jul  9 17:45:30 localhost kernel: console [tty0] enabled
Jul  9 17:45:30 localhost kernel: allocated 33554432 bytes of page_cgroup
Jul  9 17:45:30 localhost kernel: please try 'cgroup_disable=memory' option if you don't want memory cgroups
Jul  9 17:45:30 localhost kernel: Fast TSC calibration using PIT
Jul  9 17:45:30 localhost kernel: Detected 3292.568 MHz processor.
Jul  9 17:45:30 localhost kernel: Calibrating delay loop (skipped), value calculated using timer frequency.. 6585.13 BogoMIPS (lpj=3292568)
Jul  9 17:45:30 localhost kernel: pid_max: default: 32768 minimum: 301
Jul  9 17:45:30 localhost kernel: init_memory_mapping: 00000000bbe00000-00000000c0000000
Jul  9 17:45:30 localhost kernel: Security Framework initialized
Jul  9 17:45:30 localhost kernel: SELinux:  Initializing.
Jul  9 17:45:30 localhost kernel: Dentry cache hash table entries: 524288 (order: 10, 4194304 bytes)
Jul  9 17:45:30 localhost kernel: Inode-cache hash table entries: 262144 (order: 9, 2097152 bytes)
Jul  9 17:45:30 localhost kernel: Mount-cache hash table entries: 256
Jul  9 17:45:30 localhost kernel: Initializing cgroup subsys ns
Jul  9 17:45:30 localhost kernel: Initializing cgroup subsys cpuacct
Jul  9 17:45:30 localhost kernel: Initializing cgroup subsys memory
Jul  9 17:45:30 localhost kernel: Initializing cgroup subsys devices
Jul  9 17:45:30 localhost kernel: Initializing cgroup subsys freezer
Jul  9 17:45:30 localhost kernel: Initializing cgroup subsys net_cls
Jul  9 17:45:30 localhost kernel: Initializing cgroup subsys blkio
Jul  9 17:45:30 localhost kernel: Initializing cgroup subsys perf_event
Jul  9 17:45:30 localhost kernel: Initializing cgroup subsys net_prio
Jul  9 17:45:30 localhost kernel: CPU: Physical Processor ID: 0
Jul  9 17:45:30 localhost kernel: CPU: Processor Core ID: 0
Jul  9 17:45:30 localhost kernel: mce: CPU supports 7 MCE banks
Jul  9 17:45:30 localhost kernel: CPU0: Thermal monitoring enabled (TM1)
Jul  9 17:45:30 localhost kernel: using mwait in idle threads.
Jul  9 17:45:30 localhost kernel: ACPI: Core revision 20090903
Jul  9 17:45:30 localhost kernel: ftrace: converting mcount calls to 0f 1f 44 00 00
Jul  9 17:45:30 localhost kernel: ftrace: allocating 21015 entries in 83 pages
Jul  9 17:45:30 localhost kernel: Setting APIC routing to flat
Jul  9 17:45:30 localhost kernel: ..TIMER: vector=0x30 apic1=0 pin1=2 apic2=-1 pin2=-1
Jul  9 17:45:30 localhost kernel: CPU0: Intel(R) Core(TM) i3-2120 CPU @ 3.30GHz stepping 07
Jul  9 17:45:30 localhost kernel: Performance Events: PEBS fmt1+, SandyBridge events, Intel PMU driver.
Jul  9 17:45:30 localhost kernel: ... version:                3
Jul  9 17:45:30 localhost kernel: ... bit width:              48
Jul  9 17:45:30 localhost kernel: ... generic registers:      4
Jul  9 17:45:30 localhost kernel: ... value mask:             0000ffffffffffff
Jul  9 17:45:30 localhost kernel: ... max period:             000000007fffffff
Jul  9 17:45:30 localhost kernel: ... fixed-purpose events:   3
Jul  9 17:45:30 localhost kernel: ... event mask:             000000070000000f
Jul  9 17:45:30 localhost kernel: NMI watchdog enabled, takes one hw-pmu counter.
Jul  9 17:45:30 localhost kernel: Booting Node   0, Processors  #1 #2 #3 Ok.
Jul  9 17:45:30 localhost kernel: Brought up 4 CPUs
Jul  9 17:45:30 localhost kernel: Total of 4 processors activated (26340.54 BogoMIPS).
Jul  9 17:45:30 localhost kernel: devtmpfs: initialized
Jul  9 17:45:30 localhost kernel: PM: Registering ACPI NVS region at baaa9000 (299008 bytes)
Jul  9 17:45:30 localhost kernel: PM: Registering ACPI NVS region at bab10000 (57344 bytes)
Jul  9 17:45:30 localhost kernel: PM: Registering ACPI NVS region at bab6f000 (274432 bytes)
Jul  9 17:45:30 localhost kernel: regulator: core version 0.5
Jul  9 17:45:30 localhost kernel: NET: Registered protocol family 16
Jul  9 17:45:30 localhost kernel: ACPI: bus type pci registered
Jul  9 17:45:30 localhost kernel: PCI: MCFG configuration 0: base e0000000 segment 0 buses 0 - 255
Jul  9 17:45:30 localhost kernel: PCI: Not using MMCONFIG.
Jul  9 17:45:30 localhost kernel: PCI: Using configuration type 1 for base access
Jul  9 17:45:30 localhost kernel: bio: create slab <bio-0> at 0
Jul  9 17:45:30 localhost kernel: ACPI: Executed 1 blocks of module-level executable AML code
Jul  9 17:45:30 localhost kernel: ACPI: Interpreter enabled
Jul  9 17:45:30 localhost kernel: ACPI: (supports S0 S1 S3 S4 S5)
Jul  9 17:45:30 localhost kernel: ACPI: Using IOAPIC for interrupt routing
Jul  9 17:45:30 localhost kernel: PCI: MCFG configuration 0: base e0000000 segment 0 buses 0 - 255
Jul  9 17:45:30 localhost kernel: PCI: MCFG area at e0000000 reserved in ACPI motherboard resources
Jul  9 17:45:30 localhost kernel: PCI: Using MMCONFIG at e0000000 - efffffff
Jul  9 17:45:30 localhost kernel: ACPI: BIOS _OSI(Linux) query ignored
Jul  9 17:45:30 localhost kernel: ACPI: No dock devices found.
Jul  9 17:45:30 localhost kernel: HEST: Table not found.
Jul  9 17:45:30 localhost kernel: PCI: Using host bridge windows from ACPI; if necessary, use "pci=nocrs" and report a bug
Jul  9 17:45:30 localhost kernel: ACPI: PCI Root Bridge [PCI0] (domain 0000 [bus 00-ff])
Jul  9 17:45:30 localhost kernel: pci_root PNP0A08:00: host bridge window [io  0x0000-0x03af]
Jul  9 17:45:30 localhost kernel: pci_root PNP0A08:00: host bridge window [io  0x03e0-0x0cf7]
Jul  9 17:45:30 localhost kernel: pci_root PNP0A08:00: host bridge window [io  0x03b0-0x03df]
Jul  9 17:45:30 localhost kernel: pci_root PNP0A08:00: host bridge window [io  0x0d00-0xffff]
Jul  9 17:45:30 localhost kernel: pci_root PNP0A08:00: host bridge window [mem 0x000a0000-0x000bffff]
Jul  9 17:45:30 localhost kernel: pci_root PNP0A08:00: host bridge window [mem 0x000c0000-0x000dffff]
Jul  9 17:45:30 localhost kernel: pci_root PNP0A08:00: host bridge window [mem 0xc0000000-0xffffffff]
Jul  9 17:45:30 localhost kernel: pci 0000:00:01.0: PME# supported from D0 D3hot D3cold
Jul  9 17:45:30 localhost kernel: pci 0000:00:01.0: PME# disabled
Jul  9 17:45:30 localhost kernel: pci 0000:00:16.0: PME# supported from D0 D3hot D3cold
Jul  9 17:45:30 localhost kernel: pci 0000:00:16.0: PME# disabled
Jul  9 17:45:30 localhost kernel: pci 0000:00:1a.0: PME# supported from D0 D3hot D3cold
Jul  9 17:45:30 localhost kernel: pci 0000:00:1a.0: PME# disabled
Jul  9 17:45:30 localhost kernel: pci 0000:00:1b.0: PME# supported from D0 D3hot D3cold
Jul  9 17:45:30 localhost kernel: pci 0000:00:1b.0: PME# disabled
Jul  9 17:45:30 localhost kernel: pci 0000:00:1c.0: PME# supported from D0 D3hot D3cold
Jul  9 17:45:30 localhost kernel: pci 0000:00:1c.0: PME# disabled
Jul  9 17:45:30 localhost kernel: pci 0000:00:1c.1: PME# supported from D0 D3hot D3cold
Jul  9 17:45:30 localhost kernel: pci 0000:00:1c.1: PME# disabled
Jul  9 17:45:30 localhost kernel: pci 0000:00:1c.2: PME# supported from D0 D3hot D3cold
Jul  9 17:45:30 localhost kernel: pci 0000:00:1c.2: PME# disabled
Jul  9 17:45:30 localhost kernel: pci 0000:00:1c.3: PME# supported from D0 D3hot D3cold
Jul  9 17:45:30 localhost kernel: pci 0000:00:1c.3: PME# disabled
Jul  9 17:45:30 localhost kernel: pci 0000:00:1c.4: PME# supported from D0 D3hot D3cold
Jul  9 17:45:30 localhost kernel: pci 0000:00:1c.4: PME# disabled
Jul  9 17:45:30 localhost kernel: pci 0000:00:1c.5: PME# supported from D0 D3hot D3cold
Jul  9 17:45:30 localhost kernel: pci 0000:00:1c.5: PME# disabled
Jul  9 17:45:30 localhost kernel: pci 0000:00:1d.0: PME# supported from D0 D3hot D3cold
Jul  9 17:45:30 localhost kernel: pci 0000:00:1d.0: PME# disabled
Jul  9 17:45:30 localhost kernel: pci 0000:00:01.0: PCI bridge to [bus 01-01]
Jul  9 17:45:30 localhost kernel: pci 0000:00:1c.0: PCI bridge to [bus 02-02]
Jul  9 17:45:30 localhost kernel: pci 0000:00:1c.1: PCI bridge to [bus 03-03]
Jul  9 17:45:30 localhost kernel: pci 0000:00:1c.2: PCI bridge to [bus 04-04]
Jul  9 17:45:30 localhost kernel: pci 0000:05:00.0: PME# supported from D0 D1 D2 D3hot D3cold
Jul  9 17:45:30 localhost kernel: pci 0000:05:00.0: PME# disabled
Jul  9 17:45:30 localhost kernel: pci 0000:00:1c.3: PCI bridge to [bus 05-06]
Jul  9 17:45:30 localhost kernel: pci 0000:05:00.0: PCI bridge to [bus 06-06] (subtractive decode)
Jul  9 17:45:30 localhost kernel: pci 0000:00:1c.4: PCI bridge to [bus 07-07]
Jul  9 17:45:30 localhost kernel: pci 0000:08:00.0: PME# supported from D0 D1 D2 D3hot D3cold
Jul  9 17:45:30 localhost kernel: pci 0000:08:00.0: PME# disabled
Jul  9 17:45:30 localhost kernel: pci 0000:00:1c.5: PCI bridge to [bus 08-08]
Jul  9 17:45:30 localhost kernel: pci0000:00: Requesting ACPI _OSC control (0x1d)
Jul  9 17:45:30 localhost kernel: pci0000:00: ACPI _OSC control (0x1d) granted
Jul  9 17:45:30 localhost kernel: ACPI: PCI Interrupt Link [LNKA] (IRQs 3 4 5 6 7 10 *11 12 14 15)
Jul  9 17:45:30 localhost kernel: ACPI: PCI Interrupt Link [LNKB] (IRQs 3 4 *5 6 7 10 11 12 14 15)
Jul  9 17:45:30 localhost kernel: ACPI: PCI Interrupt Link [LNKC] (IRQs *3 4 5 6 10 11 12 14 15)
Jul  9 17:45:30 localhost kernel: ACPI: PCI Interrupt Link [LNKD] (IRQs 3 4 5 6 10 *11 12 14 15)
Jul  9 17:45:30 localhost kernel: ACPI: PCI Interrupt Link [LNKE] (IRQs 3 4 5 6 7 10 11 12 14 15) *0
Jul  9 17:45:30 localhost kernel: ACPI: PCI Interrupt Link [LNKF] (IRQs 3 4 5 6 7 10 11 12 14 15) *0
Jul  9 17:45:30 localhost kernel: ACPI: PCI Interrupt Link [LNKG] (IRQs 3 4 5 6 7 *10 11 12 14 15)
Jul  9 17:45:30 localhost kernel: ACPI: PCI Interrupt Link [LNKH] (IRQs 3 4 5 6 7 *10 11 12 14 15)
Jul  9 17:45:30 localhost kernel: vgaarb: device added: PCI:0000:00:02.0,decodes=io+mem,owns=io+mem,locks=none
Jul  9 17:45:30 localhost kernel: vgaarb: loaded
Jul  9 17:45:30 localhost kernel: vgaarb: bridge control possible 0000:00:02.0
Jul  9 17:45:30 localhost kernel: SCSI subsystem initialized
Jul  9 17:45:30 localhost kernel: usbcore: registered new interface driver usbfs
Jul  9 17:45:30 localhost kernel: usbcore: registered new interface driver hub
Jul  9 17:45:30 localhost kernel: usbcore: registered new device driver usb
Jul  9 17:45:30 localhost kernel: PCI: Using ACPI for IRQ routing
Jul  9 17:45:30 localhost kernel: NetLabel: Initializing
Jul  9 17:45:30 localhost kernel: NetLabel:  domain hash size = 128
Jul  9 17:45:30 localhost kernel: NetLabel:  protocols = UNLABELED CIPSOv4
Jul  9 17:45:30 localhost kernel: NetLabel:  unlabeled traffic allowed by default
Jul  9 17:45:30 localhost kernel: HPET: 8 timers in total, 4 timers will be used for per-cpu timer
Jul  9 17:45:30 localhost kernel: hpet0: at MMIO 0xfed00000, IRQs 2, 8, 24, 25, 26, 27, 0, 0
Jul  9 17:45:30 localhost kernel: hpet0: 8 comparators, 64-bit 14.318180 MHz counter
Jul  9 17:45:30 localhost kernel: Switching to clocksource hpet
Jul  9 17:45:30 localhost kernel: pnp: PnP ACPI init
Jul  9 17:45:30 localhost kernel: ACPI: bus type pnp registered
Jul  9 17:45:30 localhost kernel: pnp: PnP ACPI: found 14 devices
Jul  9 17:45:30 localhost kernel: ACPI: ACPI bus type pnp unregistered
Jul  9 17:45:30 localhost kernel: system 00:01: [mem 0xfed10000-0xfed19fff] has been reserved
Jul  9 17:45:30 localhost kernel: system 00:01: [mem 0xe0000000-0xefffffff] has been reserved
Jul  9 17:45:30 localhost kernel: system 00:01: [mem 0xfed90000-0xfed93fff] has been reserved
Jul  9 17:45:30 localhost kernel: system 00:01: [mem 0xfed20000-0xfed3ffff] has been reserved
Jul  9 17:45:30 localhost kernel: system 00:01: [mem 0xfee00000-0xfee0ffff] has been reserved
Jul  9 17:45:30 localhost kernel: system 00:02: [io  0x0a00-0x0a1f] has been reserved
Jul  9 17:45:30 localhost kernel: system 00:02: [io  0x0a30-0x0a3f] has been reserved
Jul  9 17:45:30 localhost kernel: system 00:02: [io  0x0a20-0x0a2f] has been reserved
Jul  9 17:45:30 localhost kernel: system 00:09: [io  0x04d0-0x04d1] has been reserved
Jul  9 17:45:30 localhost kernel: system 00:0b: [io  0x0400-0x0453] has been reserved
Jul  9 17:45:30 localhost kernel: system 00:0b: [io  0x0458-0x047f] has been reserved
Jul  9 17:45:30 localhost kernel: system 00:0b: [io  0x1180-0x119f] has been reserved
Jul  9 17:45:30 localhost kernel: system 00:0b: [io  0x0500-0x057f] has been reserved
Jul  9 17:45:30 localhost kernel: system 00:0b: [mem 0xfed1c000-0xfed1ffff] has been reserved
Jul  9 17:45:30 localhost kernel: system 00:0b: [mem 0xfec00000-0xfecfffff] could not be reserved
Jul  9 17:45:30 localhost kernel: system 00:0b: [mem 0xfed08000-0xfed08fff] has been reserved
Jul  9 17:45:30 localhost kernel: system 00:0b: [mem 0xff000000-0xffffffff] has been reserved
Jul  9 17:45:30 localhost kernel: system 00:0c: [io  0x0454-0x0457] has been reserved
Jul  9 17:45:30 localhost kernel: pci 0000:00:01.0: PCI bridge to [bus 01-01]
Jul  9 17:45:30 localhost kernel: pci 0000:00:01.0: PCI bridge to [bus 01-01]
Jul  9 17:45:30 localhost kernel: pci 0000:00:01.0:   bridge window [io  disabled]
Jul  9 17:45:30 localhost kernel: pci 0000:00:01.0:   bridge window [mem disabled]
Jul  9 17:45:30 localhost kernel: pci 0000:00:01.0:   bridge window [mem pref disabled]
Jul  9 17:45:30 localhost kernel: pci 0000:00:1c.0: PCI bridge to [bus 02-02]
Jul  9 17:45:30 localhost kernel: pci 0000:00:1c.0: PCI bridge to [bus 02-02]
Jul  9 17:45:30 localhost kernel: pci 0000:00:1c.0:   bridge window [io  disabled]
Jul  9 17:45:30 localhost kernel: pci 0000:00:1c.0:   bridge window [mem disabled]
Jul  9 17:45:30 localhost kernel: pci 0000:00:1c.0:   bridge window [mem pref disabled]
Jul  9 17:45:30 localhost kernel: pci 0000:00:1c.1: PCI bridge to [bus 03-03]
Jul  9 17:45:30 localhost kernel: pci 0000:00:1c.1: PCI bridge to [bus 03-03]
Jul  9 17:45:30 localhost kernel: pci 0000:00:1c.1:   bridge window [io  disabled]
Jul  9 17:45:30 localhost kernel: pci 0000:00:1c.1:   bridge window [mem disabled]
Jul  9 17:45:30 localhost kernel: pci 0000:00:1c.1:   bridge window [mem pref disabled]
Jul  9 17:45:30 localhost kernel: pci 0000:00:1c.2: PCI bridge to [bus 04-04]
Jul  9 17:45:30 localhost kernel: pci 0000:00:1c.2: PCI bridge to [bus 04-04]
Jul  9 17:45:30 localhost kernel: pci 0000:00:1c.2:   bridge window [io  disabled]
Jul  9 17:45:30 localhost kernel: pci 0000:00:1c.2:   bridge window [mem disabled]
Jul  9 17:45:30 localhost kernel: pci 0000:00:1c.2:   bridge window [mem pref disabled]
Jul  9 17:45:30 localhost kernel: pci 0000:05:00.0: PCI bridge to [bus 06-06]
Jul  9 17:45:30 localhost kernel: pci 0000:05:00.0: PCI bridge to [bus 06-06]
Jul  9 17:45:30 localhost kernel: pci 0000:05:00.0:   bridge window [io  disabled]
Jul  9 17:45:30 localhost kernel: pci 0000:05:00.0:   bridge window [mem disabled]
Jul  9 17:45:30 localhost kernel: pci 0000:05:00.0:   bridge window [mem pref disabled]
Jul  9 17:45:30 localhost kernel: pci 0000:00:1c.3: PCI bridge to [bus 05-06]
Jul  9 17:45:30 localhost kernel: pci 0000:00:1c.3: PCI bridge to [bus 05-06]
Jul  9 17:45:30 localhost kernel: pci 0000:00:1c.3:   bridge window [io  disabled]
Jul  9 17:45:30 localhost kernel: pci 0000:00:1c.3:   bridge window [mem disabled]
Jul  9 17:45:30 localhost kernel: pci 0000:00:1c.3:   bridge window [mem pref disabled]
Jul  9 17:45:30 localhost kernel: pci 0000:00:1c.4: PCI bridge to [bus 07-07]
Jul  9 17:45:30 localhost kernel: pci 0000:00:1c.4: PCI bridge to [bus 07-07]
Jul  9 17:45:30 localhost kernel: pci 0000:00:1c.4:   bridge window [io  disabled]
Jul  9 17:45:30 localhost kernel: pci 0000:00:1c.4:   bridge window [mem disabled]
Jul  9 17:45:30 localhost kernel: pci 0000:00:1c.4:   bridge window [mem pref disabled]
Jul  9 17:45:30 localhost kernel: pci 0000:00:1c.5: PCI bridge to [bus 08-08]
Jul  9 17:45:30 localhost kernel: pci 0000:00:1c.5: PCI bridge to [bus 08-08]
Jul  9 17:45:30 localhost kernel: pci 0000:00:1c.5:   bridge window [io  0xe000-0xefff]
Jul  9 17:45:30 localhost kernel: pci 0000:00:1c.5:   bridge window [mem 0xfe400000-0xfe4fffff]
Jul  9 17:45:30 localhost kernel: pci 0000:00:1c.5:   bridge window [mem 0xd0000000-0xd00fffff 64bit pref]
Jul  9 17:45:30 localhost kernel: pci 0000:00:01.0: PCI INT A -> GSI 16 (level, low) -> IRQ 16
Jul  9 17:45:30 localhost kernel: pci 0000:00:1c.0: PCI INT A -> GSI 17 (level, low) -> IRQ 17
Jul  9 17:45:30 localhost kernel: pci 0000:00:1c.1: PCI INT B -> GSI 16 (level, low) -> IRQ 16
Jul  9 17:45:30 localhost kernel: pci 0000:00:1c.2: PCI INT C -> GSI 18 (level, low) -> IRQ 18
Jul  9 17:45:30 localhost kernel: pci 0000:00:1c.3: PCI INT D -> GSI 19 (level, low) -> IRQ 19
Jul  9 17:45:30 localhost kernel: pci 0000:05:00.0: PCI INT A -> GSI 19 (level, low) -> IRQ 19
Jul  9 17:45:30 localhost kernel: pci 0000:00:1c.4: PCI INT A -> GSI 17 (level, low) -> IRQ 17
Jul  9 17:45:30 localhost kernel: pci 0000:00:1c.5: PCI INT B -> GSI 16 (level, low) -> IRQ 16
Jul  9 17:45:30 localhost kernel: NET: Registered protocol family 2
Jul  9 17:45:30 localhost kernel: IP route cache hash table entries: 131072 (order: 8, 1048576 bytes)
Jul  9 17:45:30 localhost kernel: TCP established hash table entries: 524288 (order: 11, 8388608 bytes)
Jul  9 17:45:30 localhost kernel: TCP bind hash table entries: 65536 (order: 8, 1048576 bytes)
Jul  9 17:45:30 localhost kernel: TCP: Hash tables configured (established 524288 bind 65536)
Jul  9 17:45:30 localhost kernel: TCP reno registered
Jul  9 17:45:30 localhost kernel: NET: Registered protocol family 1
Jul  9 17:45:30 localhost kernel: pci 0000:00:1a.0: PCI INT A -> GSI 16 (level, low) -> IRQ 16
Jul  9 17:45:30 localhost kernel: pci 0000:00:1a.0: PCI INT A disabled
Jul  9 17:45:30 localhost kernel: pci 0000:00:1d.0: PCI INT A -> GSI 23 (level, low) -> IRQ 23
Jul  9 17:45:30 localhost kernel: pci 0000:00:1d.0: PCI INT A disabled
Jul  9 17:45:30 localhost kernel: Trying to unpack rootfs image as initramfs...
Jul  9 17:45:30 localhost kernel: Freeing initrd memory: 16110k freed
Jul  9 17:45:30 localhost kernel: audit: initializing netlink socket (disabled)
Jul  9 17:45:30 localhost kernel: type=2000 audit(1436435115.558:1): initialized
Jul  9 17:45:30 localhost kernel: HugeTLB registered 2 MB page size, pre-allocated 0 pages
Jul  9 17:45:30 localhost kernel: VFS: Disk quotas dquot_6.5.2
Jul  9 17:45:30 localhost kernel: Dquot-cache hash table entries: 512 (order 0, 4096 bytes)
Jul  9 17:45:30 localhost kernel: msgmni has been set to 7468
Jul  9 17:45:30 localhost kernel: alg: No test for stdrng (krng)
Jul  9 17:45:30 localhost kernel: ksign: Installing public key data
Jul  9 17:45:30 localhost kernel: Loading keyring
Jul  9 17:45:30 localhost kernel: - Added public key 2E8E5C39AF9EC7F8
Jul  9 17:45:30 localhost kernel: - User ID: Red Hat, Inc. (Kernel Module GPG key)
Jul  9 17:45:30 localhost kernel: - Added public key D4A26C9CCD09BEDA
Jul  9 17:45:30 localhost kernel: - User ID: Red Hat Enterprise Linux Driver Update Program <secalert@redhat.com>
Jul  9 17:45:30 localhost kernel: Block layer SCSI generic (bsg) driver version 0.4 loaded (major 252)
Jul  9 17:45:30 localhost kernel: io scheduler noop registered
Jul  9 17:45:30 localhost kernel: io scheduler anticipatory registered
Jul  9 17:45:30 localhost kernel: io scheduler deadline registered
Jul  9 17:45:30 localhost kernel: io scheduler cfq registered (default)
Jul  9 17:45:30 localhost kernel: pci_hotplug: PCI Hot Plug PCI Core version: 0.5
Jul  9 17:45:30 localhost kernel: pciehp: PCI Express Hot Plug Controller Driver version: 0.4
Jul  9 17:45:30 localhost kernel: acpiphp: ACPI Hot Plug PCI Controller Driver version: 0.5
Jul  9 17:45:30 localhost kernel: efifb: probing for efifb
Jul  9 17:45:30 localhost kernel: efifb: framebuffer at 0xc0000000, mapped to 0xffffc90012180000, using 6144k, total 65472k
Jul  9 17:45:30 localhost kernel: efifb: mode is 1024x768x32, linelength=4096, pages=1
Jul  9 17:45:30 localhost kernel: efifb: scrolling: redraw
Jul  9 17:45:30 localhost kernel: efifb: Truecolor: size=8:8:8:8, shift=24:16:8:0
Jul  9 17:45:30 localhost kernel: Console: switching to colour frame buffer device 128x48
Jul  9 17:45:30 localhost kernel: fb0: EFI VGA frame buffer device
Jul  9 17:45:30 localhost kernel: input: Power Button as /devices/LNXSYSTM:00/LNXSYBUS:00/PNP0C0C:00/input/input0
Jul  9 17:45:30 localhost kernel: ACPI: Power Button [PWRB]
Jul  9 17:45:30 localhost kernel: input: Power Button as /devices/LNXSYSTM:00/LNXPWRBN:00/input/input1
Jul  9 17:45:30 localhost kernel: ACPI: Power Button [PWRF]
Jul  9 17:45:30 localhost kernel: ACPI: SSDT 00000000bab13d98 00120 (v01    AMI      CST 00000001 MSFT 03000001)
Jul  9 17:45:30 localhost kernel: ERST: Table is not found!
Jul  9 17:45:30 localhost kernel: GHES: HEST is not enabled!
Jul  9 17:45:30 localhost kernel: Non-volatile memory driver v1.3
Jul  9 17:45:30 localhost kernel: Linux agpgart interface v0.103
Jul  9 17:45:30 localhost kernel: agpgart-intel 0000:00:00.0: Intel Sandybridge Chipset
Jul  9 17:45:30 localhost kernel: agpgart-intel 0000:00:00.0: detected gtt size: 2097152K total, 262144K mappable
Jul  9 17:45:30 localhost kernel: agpgart-intel 0000:00:00.0: detected 65536K stolen memory
Jul  9 17:45:30 localhost kernel: agpgart-intel 0000:00:00.0: AGP aperture is 256M @ 0xc0000000
Jul  9 17:45:30 localhost kernel: crash memory driver: version 1.1
Jul  9 17:45:30 localhost kernel: Serial: 8250/16550 driver, 4 ports, IRQ sharing enabled
Jul  9 17:45:30 localhost kernel: serial8250: ttyS0 at I/O 0x3f8 (irq = 4) is a 16550A
Jul  9 17:45:30 localhost kernel: 00:05: ttyS0 at I/O 0x3f8 (irq = 4) is a 16550A
Jul  9 17:45:30 localhost kernel: brd: module loaded
Jul  9 17:45:30 localhost kernel: loop: module loaded
Jul  9 17:45:30 localhost kernel: input: Macintosh mouse button emulation as /devices/virtual/input/input2
Jul  9 17:45:30 localhost kernel: Fixed MDIO Bus: probed
Jul  9 17:45:30 localhost kernel: ehci_hcd: USB 2.0 'Enhanced' Host Controller (EHCI) Driver
Jul  9 17:45:30 localhost kernel: ehci_hcd 0000:00:1a.0: PCI INT A -> GSI 16 (level, low) -> IRQ 16
Jul  9 17:45:30 localhost kernel: ehci_hcd 0000:00:1a.0: EHCI Host Controller
Jul  9 17:45:30 localhost kernel: ehci_hcd 0000:00:1a.0: new USB bus registered, assigned bus number 1
Jul  9 17:45:30 localhost kernel: ehci_hcd 0000:00:1a.0: debug port 2
Jul  9 17:45:30 localhost kernel: ehci_hcd 0000:00:1a.0: irq 16, io mem 0xfe506000
Jul  9 17:45:30 localhost kernel: ehci_hcd 0000:00:1a.0: USB 2.0 started, EHCI 1.00
Jul  9 17:45:30 localhost kernel: usb usb1: New USB device found, idVendor=1d6b, idProduct=0002
Jul  9 17:45:30 localhost kernel: usb usb1: New USB device strings: Mfr=3, Product=2, SerialNumber=1
Jul  9 17:45:30 localhost kernel: usb usb1: Product: EHCI Host Controller
Jul  9 17:45:30 localhost kernel: usb usb1: Manufacturer: Linux 2.6.32-279.el6.x86_64 ehci_hcd
Jul  9 17:45:30 localhost kernel: usb usb1: SerialNumber: 0000:00:1a.0
Jul  9 17:45:30 localhost kernel: usb usb1: configuration #1 chosen from 1 choice
Jul  9 17:45:30 localhost kernel: hub 1-0:1.0: USB hub found
Jul  9 17:45:30 localhost kernel: hub 1-0:1.0: 2 ports detected
Jul  9 17:45:30 localhost kernel: ehci_hcd 0000:00:1d.0: PCI INT A -> GSI 23 (level, low) -> IRQ 23
Jul  9 17:45:30 localhost kernel: ehci_hcd 0000:00:1d.0: EHCI Host Controller
Jul  9 17:45:30 localhost kernel: ehci_hcd 0000:00:1d.0: new USB bus registered, assigned bus number 2
Jul  9 17:45:30 localhost kernel: ehci_hcd 0000:00:1d.0: debug port 2
Jul  9 17:45:30 localhost kernel: ehci_hcd 0000:00:1d.0: irq 23, io mem 0xfe505000
Jul  9 17:45:30 localhost kernel: ehci_hcd 0000:00:1d.0: USB 2.0 started, EHCI 1.00
Jul  9 17:45:30 localhost kernel: usb usb2: New USB device found, idVendor=1d6b, idProduct=0002
Jul  9 17:45:30 localhost kernel: usb usb2: New USB device strings: Mfr=3, Product=2, SerialNumber=1
Jul  9 17:45:30 localhost kernel: usb usb2: Product: EHCI Host Controller
Jul  9 17:45:30 localhost kernel: usb usb2: Manufacturer: Linux 2.6.32-279.el6.x86_64 ehci_hcd
Jul  9 17:45:30 localhost kernel: usb usb2: SerialNumber: 0000:00:1d.0
Jul  9 17:45:30 localhost kernel: usb usb2: configuration #1 chosen from 1 choice
Jul  9 17:45:30 localhost kernel: hub 2-0:1.0: USB hub found
Jul  9 17:45:30 localhost kernel: hub 2-0:1.0: 2 ports detected
Jul  9 17:45:30 localhost kernel: ohci_hcd: USB 1.1 'Open' Host Controller (OHCI) Driver
Jul  9 17:45:30 localhost kernel: uhci_hcd: USB Universal Host Controller Interface driver
Jul  9 17:45:30 localhost kernel: PNP: PS/2 Controller [PNP0303:PS2K,PNP0f03:PS2M] at 0x60,0x64 irq 1,12
Jul  9 17:45:30 localhost kernel: serio: i8042 KBD port at 0x60,0x64 irq 1
Jul  9 17:45:30 localhost kernel: serio: i8042 AUX port at 0x60,0x64 irq 12
Jul  9 17:45:30 localhost kernel: mice: PS/2 mouse device common for all mice
Jul  9 17:45:30 localhost kernel: rtc_cmos 00:07: RTC can wake from S4
Jul  9 17:45:30 localhost kernel: rtc_cmos 00:07: rtc core: registered rtc_cmos as rtc0
Jul  9 17:45:30 localhost kernel: rtc0: alarms up to one month, y3k, 114 bytes nvram, hpet irqs
Jul  9 17:45:30 localhost kernel: cpuidle: using governor ladder
Jul  9 17:45:30 localhost kernel: cpuidle: using governor menu
Jul  9 17:45:30 localhost kernel: EFI Variables Facility v0.08 2004-May-17
Jul  9 17:45:30 localhost kernel: usbcore: registered new interface driver hiddev
Jul  9 17:45:30 localhost kernel: usbcore: registered new interface driver usbhid
Jul  9 17:45:30 localhost kernel: usbhid: v2.6:USB HID core driver
Jul  9 17:45:30 localhost kernel: TCP cubic registered
Jul  9 17:45:30 localhost kernel: Initializing XFRM netlink socket
Jul  9 17:45:30 localhost kernel: NET: Registered protocol family 17
Jul  9 17:45:30 localhost kernel: registered taskstats version 1
Jul  9 17:45:30 localhost kernel: rtc_cmos 00:07: setting system clock to 2015-07-09 09:45:16 UTC (1436435116)
Jul  9 17:45:30 localhost kernel: Initalizing network drop monitor service
Jul  9 17:45:30 localhost kernel: Freeing unused kernel memory: 1260k freed
Jul  9 17:45:30 localhost kernel: Write protecting the kernel read-only data: 10240k
Jul  9 17:45:30 localhost kernel: Freeing unused kernel memory: 972k freed
Jul  9 17:45:30 localhost kernel: Freeing unused kernel memory: 1732k freed
Jul  9 17:45:30 localhost kernel: dracut: dracut-004-283.el6
Jul  9 17:45:30 localhost kernel: dracut: rd_NO_LUKS: removing cryptoluks activation
Jul  9 17:45:30 localhost kernel: device-mapper: uevent: version 1.0.3
Jul  9 17:45:30 localhost kernel: device-mapper: ioctl: 4.22.6-ioctl (2011-10-19) initialised: dm-devel@redhat.com
Jul  9 17:45:30 localhost kernel: udev: starting version 147
Jul  9 17:45:30 localhost kernel: [drm] Initialized drm 1.1.0 20060810
Jul  9 17:45:30 localhost kernel: i915 0000:00:02.0: PCI INT A -> GSI 16 (level, low) -> IRQ 16
Jul  9 17:45:30 localhost kernel: [drm] Supports vblank timestamp caching Rev 1 (10.10.2010).
Jul  9 17:45:30 localhost kernel: [drm] Driver supports precise vblank timestamp query.
Jul  9 17:45:30 localhost kernel: vgaarb: device changed decodes: PCI:0000:00:02.0,olddecodes=io+mem,decodes=io+mem:owns=io+mem
Jul  9 17:45:30 localhost kernel: usb 1-1: new high speed USB device number 2 using ehci_hcd
Jul  9 17:45:30 localhost kernel: usb 1-1: New USB device found, idVendor=8087, idProduct=0024
Jul  9 17:45:30 localhost kernel: usb 1-1: New USB device strings: Mfr=0, Product=0, SerialNumber=0
Jul  9 17:45:30 localhost kernel: usb 1-1: configuration #1 chosen from 1 choice
Jul  9 17:45:30 localhost kernel: hub 1-1:1.0: USB hub found
Jul  9 17:45:30 localhost kernel: hub 1-1:1.0: 4 ports detected
Jul  9 17:45:30 localhost kernel: fb: conflicting fb hw usage inteldrmfb vs EFI VGA - removing generic driver
Jul  9 17:45:30 localhost kernel: Console: switching to colour dummy device 80x25
Jul  9 17:45:30 localhost kernel: fbcon: inteldrmfb (fb0) is primary device
Jul  9 17:45:30 localhost kernel: usb 2-1: new high speed USB device number 2 using ehci_hcd
Jul  9 17:45:30 localhost kernel: usb 2-1: New USB device found, idVendor=8087, idProduct=0024
Jul  9 17:45:30 localhost kernel: usb 2-1: New USB device strings: Mfr=0, Product=0, SerialNumber=0
Jul  9 17:45:30 localhost kernel: usb 2-1: configuration #1 chosen from 1 choice
Jul  9 17:45:30 localhost kernel: hub 2-1:1.0: USB hub found
Jul  9 17:45:30 localhost kernel: hub 2-1:1.0: 6 ports detected
Jul  9 17:45:30 localhost kernel: Console: switching to colour frame buffer device 180x56
Jul  9 17:45:30 localhost kernel: Refined TSC clocksource calibration: 3292.520 MHz.
Jul  9 17:45:30 localhost kernel: Switching to clocksource tsc
Jul  9 17:45:30 localhost kernel: fb0: inteldrmfb frame buffer device
Jul  9 17:45:30 localhost kernel: drm: registered panic notifier
Jul  9 17:45:30 localhost kernel: Slow work thread pool: Starting up
Jul  9 17:45:30 localhost kernel: Slow work thread pool: Ready
Jul  9 17:45:30 localhost kernel: No ACPI video bus found
Jul  9 17:45:30 localhost kernel: usb 1-1.1: new low speed USB device number 3 using ehci_hcd
Jul  9 17:45:30 localhost kernel: [drm] Initialized i915 1.6.0 20080730 for 0000:00:02.0 on minor 0
Jul  9 17:45:30 localhost kernel: dracut: Starting plymouth daemon
Jul  9 17:45:30 localhost kernel: usb 1-1.1: New USB device found, idVendor=093a, idProduct=2510
Jul  9 17:45:30 localhost kernel: usb 1-1.1: New USB device strings: Mfr=1, Product=2, SerialNumber=0
Jul  9 17:45:30 localhost kernel: usb 1-1.1: Product: USB Optical Mouse
Jul  9 17:45:30 localhost kernel: usb 1-1.1: Manufacturer: PixArt
Jul  9 17:45:30 localhost kernel: usb 1-1.1: configuration #1 chosen from 1 choice
Jul  9 17:45:30 localhost kernel: input: PixArt USB Optical Mouse as /devices/pci0000:00/0000:00:1a.0/usb1/1-1/1-1.1/1-1.1:1.0/input/input3
Jul  9 17:45:30 localhost kernel: generic-usb 0003:093A:2510.0001: input,hidraw0: USB HID v1.11 Mouse [PixArt USB Optical Mouse] on usb-0000:00:1a.0-1.1/input0
Jul  9 17:45:30 localhost kernel: usb 1-1.2: new low speed USB device number 4 using ehci_hcd
Jul  9 17:45:30 localhost kernel: usb 1-1.2: New USB device found, idVendor=0e6a, idProduct=6001
Jul  9 17:45:30 localhost kernel: usb 1-1.2: New USB device strings: Mfr=0, Product=1, SerialNumber=0
Jul  9 17:45:30 localhost kernel: usb 1-1.2: Product: HID Keyboard Device
Jul  9 17:45:30 localhost kernel: usb 1-1.2: configuration #1 chosen from 1 choice
Jul  9 17:45:30 localhost kernel: input: HID Keyboard Device as /devices/pci0000:00/0000:00:1a.0/usb1/1-1/1-1.2/1-1.2:1.0/input/input4
Jul  9 17:45:30 localhost kernel: generic-usb 0003:0E6A:6001.0002: input,hidraw1: USB HID v1.10 Keyboard [HID Keyboard Device] on usb-0000:00:1a.0-1.2/input0
Jul  9 17:45:30 localhost kernel: input: HID Keyboard Device as /devices/pci0000:00/0000:00:1a.0/usb1/1-1/1-1.2/1-1.2:1.1/input/input5
Jul  9 17:45:30 localhost kernel: generic-usb 0003:0E6A:6001.0003: input,hidraw2: USB HID v1.10 Device [HID Keyboard Device] on usb-0000:00:1a.0-1.2/input1
Jul  9 17:45:30 localhost kernel: dracut: rd_NO_DM: removing DM RAID activation
Jul  9 17:45:30 localhost kernel: dracut: rd_NO_MD: removing MD RAID activation
Jul  9 17:45:30 localhost kernel: usb 2-1.3: new high speed USB device number 3 using ehci_hcd
Jul  9 17:45:30 localhost kernel: ACPI: WMI: Mapper loaded
Jul  9 17:45:30 localhost kernel: ata_piix 0000:00:1f.2: PCI INT B -> GSI 19 (level, low) -> IRQ 19
Jul  9 17:45:30 localhost kernel: ata_piix 0000:00:1f.2: MAP [ P0 P2 P1 P3 ]
Jul  9 17:45:30 localhost kernel: usb 2-1.3: New USB device found, idVendor=2717, idProduct=0368
Jul  9 17:45:30 localhost kernel: usb 2-1.3: New USB device strings: Mfr=1, Product=2, SerialNumber=3
Jul  9 17:45:30 localhost kernel: usb 2-1.3: Product: MI 3C
Jul  9 17:45:30 localhost kernel: usb 2-1.3: Manufacturer: Xiaomi
Jul  9 17:45:30 localhost kernel: usb 2-1.3: SerialNumber: d00c8c91
Jul  9 17:45:30 localhost kernel: usb 2-1.3: configuration #1 chosen from 1 choice
Jul  9 17:45:30 localhost kernel: scsi0 : ata_piix
Jul  9 17:45:30 localhost kernel: scsi1 : ata_piix
Jul  9 17:45:30 localhost kernel: ata1: SATA max UDMA/133 cmd 0x1f0 ctl 0x3f6 bmdma 0xf0d0 irq 14
Jul  9 17:45:30 localhost kernel: ata2: SATA max UDMA/133 cmd 0x170 ctl 0x376 bmdma 0xf0d8 irq 15
Jul  9 17:45:30 localhost kernel: ata_piix 0000:00:1f.5: PCI INT B -> GSI 19 (level, low) -> IRQ 19
Jul  9 17:45:30 localhost kernel: ata_piix 0000:00:1f.5: MAP [ P0 -- P1 -- ]
Jul  9 17:45:30 localhost kernel: ata_piix 0000:00:1f.5: SCR access via SIDPR is available but doesn't work
Jul  9 17:45:30 localhost kernel: scsi2 : ata_piix
Jul  9 17:45:30 localhost kernel: scsi3 : ata_piix
Jul  9 17:45:30 localhost kernel: ata3: SATA max UDMA/133 cmd 0xf0b0 ctl 0xf0a0 bmdma 0xf070 irq 19
Jul  9 17:45:30 localhost kernel: ata4: SATA max UDMA/133 cmd 0xf090 ctl 0xf080 bmdma 0xf078 irq 19
Jul  9 17:45:30 localhost kernel: ata2.01: failed to resume link (SControl 0)
Jul  9 17:45:30 localhost kernel: ata1.01: failed to resume link (SControl 0)
Jul  9 17:45:30 localhost kernel: ata1.00: SATA link up 3.0 Gbps (SStatus 123 SControl 300)
Jul  9 17:45:30 localhost kernel: ata1.01: SATA link down (SStatus 0 SControl 0)
Jul  9 17:45:30 localhost kernel: ata2.00: SATA link up 1.5 Gbps (SStatus 113 SControl 300)
Jul  9 17:45:30 localhost kernel: ata2.01: SATA link down (SStatus 0 SControl 0)
Jul  9 17:45:30 localhost kernel: ata2.00: ATAPI: hp      DVD-ROM TS-H353C, H430, max UDMA/100
Jul  9 17:45:30 localhost kernel: ata2.00: configured for UDMA/100
Jul  9 17:45:30 localhost kernel: ata1.00: HPA detected: current 312579695, native 312581808
Jul  9 17:45:30 localhost kernel: ata1.00: ATA-7: ST3160815AS, 4.AAB, max UDMA/133
Jul  9 17:45:30 localhost kernel: ata1.00: 312579695 sectors, multi 16: LBA48 NCQ (depth 0/32)
Jul  9 17:45:30 localhost kernel: ata1.00: configured for UDMA/133
Jul  9 17:45:30 localhost kernel: scsi 0:0:0:0: Direct-Access     ATA      ST3160815AS      4.AA PQ: 0 ANSI: 5
Jul  9 17:45:30 localhost kernel: scsi 1:0:0:0: CD-ROM            hp       DVD-ROM TS-H353C H430 PQ: 0 ANSI: 5
Jul  9 17:45:30 localhost kernel: Initializing USB Mass Storage driver...
Jul  9 17:45:30 localhost kernel: scsi4 : SCSI emulation for USB Mass Storage devices
Jul  9 17:45:30 localhost kernel: usbcore: registered new interface driver usb-storage
Jul  9 17:45:30 localhost kernel: USB Mass Storage support registered.
Jul  9 17:45:30 localhost kernel: sd 0:0:0:0: [sda] 312579695 512-byte logical blocks: (160 GB/149 GiB)
Jul  9 17:45:30 localhost kernel: sd 0:0:0:0: [sda] Write Protect is off
Jul  9 17:45:30 localhost kernel: sd 0:0:0:0: [sda] Write cache: enabled, read cache: enabled, doesn't support DPO or FUA
Jul  9 17:45:30 localhost kernel: sda: sda1 sda2 sda3
Jul  9 17:45:30 localhost kernel: sd 0:0:0:0: [sda] Attached SCSI disk
Jul  9 17:45:30 localhost kernel: sr0: scsi3-mmc drive: 1x/40x cd/rw xa/form2 cdda tray
Jul  9 17:45:30 localhost kernel: Uniform CD-ROM driver Revision: 3.20
Jul  9 17:45:30 localhost kernel: dracut: Scanning devices sda3  for LVM logical volumes VolGroup/lv_swap VolGroup/lv_root 
Jul  9 17:45:30 localhost kernel: dracut: inactive '/dev/VolGroup/lv_root' [50.00 GiB] inherit
Jul  9 17:45:30 localhost kernel: dracut: inactive '/dev/VolGroup/lv_home' [94.58 GiB] inherit
Jul  9 17:45:30 localhost kernel: dracut: inactive '/dev/VolGroup/lv_swap' [3.78 GiB] inherit
Jul  9 17:45:30 localhost kernel: EXT4-fs (dm-0): mounted filesystem with ordered data mode. Opts: 
Jul  9 17:45:30 localhost kernel: dracut: Mounted root filesystem /dev/mapper/VolGroup-lv_root
Jul  9 17:45:30 localhost kernel: dracut: Loading SELinux policy
Jul  9 17:45:30 localhost kernel: scsi 4:0:0:0: Direct-Access     Linux    File-Stor Gadget 0000 PQ: 0 ANSI: 2
Jul  9 17:45:30 localhost kernel: sd 4:0:0:0: [sdb] 5586 2048-byte logical blocks: (11.4 MB/10.9 MiB)
Jul  9 17:45:30 localhost kernel: sd 4:0:0:0: [sdb] Write Protect is on
Jul  9 17:45:30 localhost kernel: sd 4:0:0:0: [sdb] Assuming drive cache: write through
Jul  9 17:45:30 localhost kernel: sd 4:0:0:0: [sdb] 5586 2048-byte logical blocks: (11.4 MB/10.9 MiB)
Jul  9 17:45:30 localhost kernel: sd 4:0:0:0: [sdb] Assuming drive cache: write through
Jul  9 17:45:30 localhost kernel: sdb: unknown partition table
Jul  9 17:45:30 localhost kernel: sd 4:0:0:0: [sdb] 5586 2048-byte logical blocks: (11.4 MB/10.9 MiB)
Jul  9 17:45:30 localhost kernel: sd 4:0:0:0: [sdb] Assuming drive cache: write through
Jul  9 17:45:30 localhost kernel: sd 4:0:0:0: [sdb] Attached SCSI removable disk
Jul  9 17:45:30 localhost kernel: type=1404 audit(1436435120.377:2): enforcing=1 old_enforcing=0 auid=4294967295 ses=4294967295
Jul  9 17:45:30 localhost kernel: type=1403 audit(1436435120.874:3): policy loaded auid=4294967295 ses=4294967295
Jul  9 17:45:30 localhost kernel: dracut: 
Jul  9 17:45:30 localhost kernel: dracut: Switching root
Jul  9 17:45:30 localhost kernel: readahead-collector: starting
Jul  9 17:45:30 localhost kernel: udev: starting version 147
Jul  9 17:45:30 localhost kernel: snd_hda_intel 0000:00:1b.0: enabling device (0100 -> 0102)
Jul  9 17:45:30 localhost kernel: snd_hda_intel 0000:00:1b.0: PCI INT A -> GSI 22 (level, low) -> IRQ 22
Jul  9 17:45:30 localhost kernel: input: HDA Intel PCH Line as /devices/pci0000:00/0000:00:1b.0/sound/card0/input6
Jul  9 17:45:30 localhost kernel: input: HDA Intel PCH Front Mic as /devices/pci0000:00/0000:00:1b.0/sound/card0/input7
Jul  9 17:45:30 localhost kernel: input: HDA Intel PCH Rear Mic as /devices/pci0000:00/0000:00:1b.0/sound/card0/input8
Jul  9 17:45:30 localhost kernel: input: HDA Intel PCH Front Headphone as /devices/pci0000:00/0000:00:1b.0/sound/card0/input9
Jul  9 17:45:30 localhost kernel: input: HDA Intel PCH Line-Out as /devices/pci0000:00/0000:00:1b.0/sound/card0/input10
Jul  9 17:45:30 localhost kernel: r8169 Gigabit Ethernet driver 2.3LK-NAPI loaded
Jul  9 17:45:30 localhost kernel: r8169 0000:08:00.0: PCI INT A -> GSI 17 (level, low) -> IRQ 17
Jul  9 17:45:30 localhost kernel: r8169 0000:08:00.0: eth0: RTL8168e/8111e at 0xffffc90000052000, 08:2e:5f:1e:04:bf, XID 0c200000 IRQ 37
Jul  9 17:45:30 localhost kernel: r8169 0000:08:00.0: eth0: jumbo features [frames: 9200 bytes, tx checksumming: ko]
Jul  9 17:45:30 localhost kernel: iTCO_vendor_support: vendor-support=0
Jul  9 17:45:30 localhost kernel: iTCO_wdt: Intel TCO WatchDog Timer Driver v1.07rh
Jul  9 17:45:30 localhost kernel: iTCO_wdt: Found a Cougar Point TCO device (Version=2, TCOBASE=0x0460)
Jul  9 17:45:30 localhost kernel: iTCO_wdt: initialized. heartbeat=30 sec (nowayout=0)
Jul  9 17:45:30 localhost kernel: i801_smbus 0000:00:1f.3: enabling device (0101 -> 0103)
Jul  9 17:45:30 localhost kernel: i801_smbus 0000:00:1f.3: PCI INT C -> GSI 18 (level, low) -> IRQ 18
Jul  9 17:45:30 localhost kernel: microcode: CPU0 sig=0x206a7, pf=0x2, revision=0x1b
Jul  9 17:45:30 localhost kernel: platform microcode: firmware: requesting intel-ucode/06-2a-07
Jul  9 17:45:30 localhost kernel: microcode: CPU1 sig=0x206a7, pf=0x2, revision=0x1b
Jul  9 17:45:30 localhost kernel: platform microcode: firmware: requesting intel-ucode/06-2a-07
Jul  9 17:45:30 localhost kernel: microcode: CPU2 sig=0x206a7, pf=0x2, revision=0x1b
Jul  9 17:45:30 localhost kernel: platform microcode: firmware: requesting intel-ucode/06-2a-07
Jul  9 17:45:30 localhost kernel: microcode: CPU3 sig=0x206a7, pf=0x2, revision=0x1b
Jul  9 17:45:30 localhost kernel: platform microcode: firmware: requesting intel-ucode/06-2a-07
Jul  9 17:45:30 localhost kernel: Microcode Update Driver: v2.00 <tigran@aivazian.fsnet.co.uk>, Peter Oruba
Jul  9 17:45:30 localhost kernel: microcode: CPU0 updated to revision 0x25, date = 2011-10-11 
Jul  9 17:45:30 localhost kernel: microcode: CPU1 updated to revision 0x25, date = 2011-10-11 
Jul  9 17:45:30 localhost kernel: microcode: CPU2 updated to revision 0x25, date = 2011-10-11 
Jul  9 17:45:30 localhost kernel: microcode: CPU3 updated to revision 0x25, date = 2011-10-11 
Jul  9 17:45:30 localhost kernel: sd 0:0:0:0: Attached scsi generic sg0 type 0
Jul  9 17:45:30 localhost kernel: sr 1:0:0:0: Attached scsi generic sg1 type 5
Jul  9 17:45:30 localhost kernel: sd 4:0:0:0: Attached scsi generic sg2 type 0
Jul  9 17:45:30 localhost kernel: kvm: disabled by bios
Jul  9 17:45:30 localhost kernel: tun: Universal TUN/TAP device driver, 1.6
Jul  9 17:45:30 localhost kernel: tun: (C) 1999-2004 Max Krasnyansky <maxk@qualcomm.com>
Jul  9 17:45:30 localhost kernel: EXT4-fs (sda2): mounted filesystem with ordered data mode. Opts: 
Jul  9 17:45:30 localhost kernel: EXT4-fs (dm-2): mounted filesystem with ordered data mode. Opts: 
Jul  9 17:45:30 localhost kernel: Adding 3964920k swap on /dev/mapper/VolGroup-lv_swap.  Priority:-1 extents:1 across:3964920k 
Jul  9 17:45:30 localhost kernel: readahead-disable-service: delaying service auditd
Jul  9 17:45:30 localhost kernel: NET: Registered protocol family 10
Jul  9 17:45:30 localhost kernel: lo: Disabled Privacy Extensions
Jul  9 17:45:30 localhost kernel: ip6_tables: (C) 2000-2006 Netfilter Core Team
Jul  9 17:45:30 localhost kernel: nf_conntrack version 0.5.0 (16384 buckets, 65536 max)
Jul  9 17:45:30 localhost kernel: ip_tables: (C) 2000-2006 Netfilter Core Team
Jul  9 17:45:30 localhost cpuspeed: Enabling ondemand cpu frequency scaling governor
Jul  9 17:45:49 localhost kdump: kexec: loaded kdump kernel
Jul  9 17:45:49 localhost kdump: started up
Jul  9 17:45:49 localhost lldpad: config file failed to load, 
Jul  9 17:45:49 localhost lldpad: create a new file.
Jul  9 17:45:49 localhost lldpad: bound ctrl iface to /com/intel/lldpad
Jul  9 17:45:49 localhost kernel: 802.1Q VLAN Support v1.8 Ben Greear <greearb@candelatech.com>
Jul  9 17:45:49 localhost kernel: All bugs added by David S. Miller <davem@redhat.com>
Jul  9 17:45:49 localhost kernel: cnic: Broadcom NetXtreme II CNIC Driver cnic v2.5.10 (March 21, 2012)
Jul  9 17:45:49 localhost kernel: bnx2fc: Broadcom NetXtreme II FCoE Driver bnx2fc v1.0.11 (Apr 24, 2012)
Jul  9 17:45:51 localhost kernel: usb 2-1.3: USB disconnect, device number 3
Jul  9 17:45:52 localhost kernel: usb 2-1.3: new high speed USB device number 4 using ehci_hcd
Jul  9 17:45:52 localhost kernel: usb 2-1.3: New USB device found, idVendor=2717, idProduct=0368
Jul  9 17:45:52 localhost kernel: usb 2-1.3: New USB device strings: Mfr=1, Product=2, SerialNumber=3
Jul  9 17:45:52 localhost kernel: usb 2-1.3: Product: MI 3C
Jul  9 17:45:52 localhost kernel: usb 2-1.3: Manufacturer: Xiaomi
Jul  9 17:45:52 localhost kernel: usb 2-1.3: SerialNumber: d00c8c91
Jul  9 17:45:52 localhost kernel: usb 2-1.3: configuration #1 chosen from 1 choice
Jul  9 17:45:52 localhost kernel: scsi5 : SCSI emulation for USB Mass Storage devices
Jul  9 17:45:52 localhost NetworkManager[8041]: <info> NetworkManager (version 0.8.1-33.el6) is starting...
Jul  9 17:45:52 localhost NetworkManager[8041]: <info> Read config file /etc/NetworkManager/NetworkManager.conf
Jul  9 17:45:52 localhost NetworkManager[8041]: <info> trying to start the modem manager...
Jul  9 17:45:52 localhost modem-manager: ModemManager (version 0.4.0-3.git20100628.el6) starting...
Jul  9 17:45:52 localhost modem-manager: Loaded plugin SimTech
Jul  9 17:45:52 localhost modem-manager: Loaded plugin Longcheer
Jul  9 17:45:52 localhost modem-manager: Loaded plugin Gobi
Jul  9 17:45:52 localhost modem-manager: Loaded plugin Ericsson MBM
Jul  9 17:45:52 localhost modem-manager: Loaded plugin ZTE
Jul  9 17:45:52 localhost modem-manager: Loaded plugin AnyData
Jul  9 17:45:52 localhost modem-manager: Loaded plugin Option High-Speed
Jul  9 17:45:52 localhost modem-manager: Loaded plugin MotoC
Jul  9 17:45:52 localhost modem-manager: Loaded plugin Generic
Jul  9 17:45:52 localhost modem-manager: Loaded plugin Huawei
Jul  9 17:45:52 localhost modem-manager: Loaded plugin Novatel
Jul  9 17:45:52 localhost modem-manager: Loaded plugin Sierra
Jul  9 17:45:52 localhost modem-manager: Loaded plugin Nokia
Jul  9 17:45:52 localhost modem-manager: Loaded plugin Option
Jul  9 17:45:52 localhost avahi-daemon[8053]: Found user 'avahi' (UID 70) and group 'avahi' (GID 70).
Jul  9 17:45:52 localhost avahi-daemon[8053]: Successfully dropped root privileges.
Jul  9 17:45:52 localhost avahi-daemon[8053]: avahi-daemon 0.6.25 starting up.
Jul  9 17:45:52 localhost avahi-daemon[8053]: WARNING: No NSS support for mDNS detected, consider installing nss-mdns!
Jul  9 17:45:52 localhost avahi-daemon[8053]: Successfully called chroot().
Jul  9 17:45:52 localhost avahi-daemon[8053]: Successfully dropped remaining capabilities.
Jul  9 17:45:52 localhost avahi-daemon[8053]: Loading service file /services/ssh.service.
Jul  9 17:45:52 localhost avahi-daemon[8053]: System host name is set to 'localhost'. This is not a suitable mDNS host name, looking for alternatives.
Jul  9 17:45:52 localhost avahi-daemon[8053]: Network interface enumeration completed.
Jul  9 17:45:52 localhost avahi-daemon[8053]: Registering HINFO record with values 'X86_64'/'LINUX'.
Jul  9 17:45:52 localhost avahi-daemon[8053]: Server startup complete. Host name is linux.local. Local service cookie is 4269870068.
Jul  9 17:45:52 localhost avahi-daemon[8053]: Service "linux" (/services/ssh.service) successfully established.
Jul  9 17:45:52 localhost NetworkManager[8041]: <info> monitoring kernel firmware directory '/lib/firmware'.
Jul  9 17:45:52 localhost NetworkManager[8041]: <info> Bonding/VLAN support disabled
Jul  9 17:45:52 localhost NetworkManager[8041]:    ifcfg-rh: Acquired D-Bus service com.redhat.ifcfgrh1
Jul  9 17:45:52 localhost NetworkManager[8041]: <info> Loaded plugin ifcfg-rh: (c) 2007 - 2008 Red Hat, Inc.  To report bugs please use the NetworkManager mailing list.
Jul  9 17:45:52 localhost NetworkManager[8041]:    ifcfg-rh: parsing /etc/sysconfig/network-scripts/ifcfg-lo ... 
Jul  9 17:45:52 localhost NetworkManager[8041]:    ifcfg-rh: parsing /etc/sysconfig/network-scripts/ifcfg-eth0 ... 
Jul  9 17:45:52 localhost NetworkManager[8041]:    ifcfg-rh:     read connection 'System eth0'
Jul  9 17:45:52 localhost NetworkManager[8041]: <info> WiFi enabled by radio killswitch; enabled by state file
Jul  9 17:45:52 localhost NetworkManager[8041]: <info> WWAN enabled by radio killswitch; enabled by state file
Jul  9 17:45:52 localhost NetworkManager[8041]: <info> WiMAX enabled by radio killswitch; enabled by state file
Jul  9 17:45:52 localhost NetworkManager[8041]: <info> Networking is enabled by state file
Jul  9 17:45:52 localhost NetworkManager[8041]: <info> (eth0): carrier is OFF
Jul  9 17:45:52 localhost NetworkManager[8041]: <info> (eth0): new Ethernet device (driver: 'r8169' ifindex: 2)
Jul  9 17:45:52 localhost NetworkManager[8041]: <info> (eth0): exported as /org/freedesktop/NetworkManager/Devices/0
Jul  9 17:45:52 localhost NetworkManager[8041]: <info> (eth0): now managed
Jul  9 17:45:52 localhost NetworkManager[8041]: <info> (eth0): device state change: 1 -> 2 (reason 2)
Jul  9 17:45:52 localhost NetworkManager[8041]: <info> (eth0): bringing up device.
Jul  9 17:45:52 localhost kernel: r8169 0000:08:00.0: firmware: requesting rtl_nic/rtl8168e-2.fw
Jul  9 17:45:52 localhost kernel: r8169 0000:08:00.0: eth0: unable to load firmware patch rtl_nic/rtl8168e-2.fw (-2)
Jul  9 17:45:52 localhost firmware.sh[8061]: Cannot find  firmware file 'rtl_nic/rtl8168e-2.fw'
Jul  9 17:45:52 localhost kernel: r8169 0000:08:00.0: eth0: link down
Jul  9 17:45:52 localhost NetworkManager[8041]: <info> (eth0): preparing device.
Jul  9 17:45:52 localhost NetworkManager[8041]: <info> (eth0): deactivating device (reason: 2).
Jul  9 17:45:52 localhost kernel: ADDRCONF(NETDEV_UP): eth0: link is not ready
Jul  9 17:45:52 localhost NetworkManager[8041]: <info> modem-manager is now available
Jul  9 17:45:52 localhost NetworkManager[8041]: <warn> bluez error getting default adapter: The name org.bluez was not provided by any .service files
Jul  9 17:45:52 localhost NetworkManager[8041]: <info> Trying to start the supplicant...
Jul  9 17:45:53 localhost NetworkManager[8041]: <info> wpa_supplicant started
Jul  9 17:45:53 localhost rpc.statd[8085]: Version 1.2.3 starting
Jul  9 17:45:53 localhost sm-notify[8086]: Version 1.2.3 starting
Jul  9 17:45:53 localhost rpc.statd[8085]: Initializing NSM state
Jul  9 17:45:53 localhost kernel: RPC: Registered named UNIX socket transport module.
Jul  9 17:45:53 localhost kernel: RPC: Registered udp transport module.
Jul  9 17:45:53 localhost kernel: RPC: Registered tcp transport module.
Jul  9 17:45:53 localhost kernel: RPC: Registered tcp NFSv4.1 backchannel transport module.
Jul  9 17:45:53 localhost kernel: scsi 5:0:0:0: Direct-Access     Linux    File-Stor Gadget 0000 PQ: 0 ANSI: 2
Jul  9 17:45:53 localhost kernel: sd 5:0:0:0: Attached scsi generic sg2 type 0
Jul  9 17:45:53 localhost kernel: sd 5:0:0:0: [sdb] 5586 2048-byte logical blocks: (11.4 MB/10.9 MiB)
Jul  9 17:45:53 localhost kernel: sd 5:0:0:0: [sdb] Write Protect is on
Jul  9 17:45:53 localhost kernel: sd 5:0:0:0: [sdb] Assuming drive cache: write through
Jul  9 17:45:53 localhost kernel: sd 5:0:0:0: [sdb] 5586 2048-byte logical blocks: (11.4 MB/10.9 MiB)
Jul  9 17:45:53 localhost kernel: sd 5:0:0:0: [sdb] Assuming drive cache: write through
Jul  9 17:45:53 localhost kernel: sdb: unknown partition table
Jul  9 17:45:53 localhost kernel: sd 5:0:0:0: [sdb] 5586 2048-byte logical blocks: (11.4 MB/10.9 MiB)
Jul  9 17:45:53 localhost kernel: sd 5:0:0:0: [sdb] Assuming drive cache: write through
Jul  9 17:45:53 localhost kernel: sd 5:0:0:0: [sdb] Attached SCSI removable disk
Jul  9 17:45:54 localhost acpid: starting up
Jul  9 17:45:54 localhost acpid: 1 rule loaded
Jul  9 17:45:54 localhost acpid: waiting for events: event logging is off
Jul  9 17:45:54 localhost kernel: usb 2-1.3: USB disconnect, device number 4
Jul  9 17:45:54 localhost acpid: client connected from 8257[68:68]
Jul  9 17:45:54 localhost acpid: 1 client rule loaded
Jul  9 17:45:54 localhost pcscd: pcscdaemon.c:506:main() pcsc-lite 1.5.2 daemon ready.
Jul  9 17:45:56 localhost automount[8300]: lookup_read_master: lookup(nisplus): couldn't locate nis+ table auto.master
Jul  9 17:45:56 localhost mcelog: failed to prefill DIMM database from DMI data
Jul  9 17:45:56 localhost mcelog: mcelog read: No such device
Jul  9 17:45:57 localhost xinetd[8357]: xinetd Version 2.3.14 started with libwrap loadavg labeled-networking options compiled in.
Jul  9 17:45:57 localhost xinetd[8357]: Started working: 0 available services
Jul  9 17:45:57 localhost kernel: usb 2-1.3: new high speed USB device number 5 using ehci_hcd
Jul  9 17:45:57 localhost kernel: usb 2-1.3: New USB device found, idVendor=2717, idProduct=0368
Jul  9 17:45:57 localhost kernel: usb 2-1.3: New USB device strings: Mfr=1, Product=2, SerialNumber=3
Jul  9 17:45:57 localhost kernel: usb 2-1.3: Product: MI 3C
Jul  9 17:45:57 localhost kernel: usb 2-1.3: Manufacturer: Xiaomi
Jul  9 17:45:57 localhost kernel: usb 2-1.3: SerialNumber: d00c8c91
Jul  9 17:45:57 localhost kernel: usb 2-1.3: configuration #1 chosen from 1 choice
Jul  9 17:45:57 localhost kernel: scsi6 : SCSI emulation for USB Mass Storage devices
Jul  9 17:45:58 localhost abrtd: Init complete, entering main loop
Jul  9 17:45:58 localhost kernel: scsi 6:0:0:0: Direct-Access     Linux    File-Stor Gadget 0000 PQ: 0 ANSI: 2
Jul  9 17:45:58 localhost kernel: sd 6:0:0:0: Attached scsi generic sg2 type 0
Jul  9 17:45:58 localhost kernel: sd 6:0:0:0: [sdb] 5586 2048-byte logical blocks: (11.4 MB/10.9 MiB)
Jul  9 17:45:58 localhost kernel: sd 6:0:0:0: [sdb] Write Protect is on
Jul  9 17:45:58 localhost kernel: sd 6:0:0:0: [sdb] Assuming drive cache: write through
Jul  9 17:45:58 localhost kernel: sd 6:0:0:0: [sdb] 5586 2048-byte logical blocks: (11.4 MB/10.9 MiB)
Jul  9 17:45:58 localhost kernel: sd 6:0:0:0: [sdb] Assuming drive cache: write through
Jul  9 17:45:58 localhost kernel: sdb: unknown partition table
Jul  9 17:45:58 localhost kernel: sd 6:0:0:0: [sdb] 5586 2048-byte logical blocks: (11.4 MB/10.9 MiB)
Jul  9 17:45:58 localhost kernel: sd 6:0:0:0: [sdb] Assuming drive cache: write through
Jul  9 17:45:58 localhost kernel: sd 6:0:0:0: [sdb] Attached SCSI removable disk
Jul  9 17:46:00 localhost libvirtd: Could not find keytab file: /etc/libvirt/krb5.tab: No such file or directory
Jul  9 17:46:00 localhost kernel: Bridge firewalling registered
Jul  9 17:46:00 localhost kernel: device virbr0-nic entered promiscuous mode
Jul  9 17:46:00 localhost kernel: virbr0: starting userspace STP failed, starting kernel STP
Jul  9 17:46:00 localhost NetworkManager[8041]: <warn> /sys/devices/virtual/net/virbr0: couldn't determine device driver; ignoring...
Jul  9 17:46:00 localhost NetworkManager[8041]: <warn> /sys/devices/virtual/net/virbr0-nic: couldn't determine device driver; ignoring...
Jul  9 17:46:00 localhost avahi-daemon[8053]: Joining mDNS multicast group on interface virbr0.IPv4 with address 192.168.122.1.
Jul  9 17:46:00 localhost avahi-daemon[8053]: New relevant interface virbr0.IPv4 for mDNS.
Jul  9 17:46:00 localhost avahi-daemon[8053]: Registering new address record for 192.168.122.1 on virbr0.IPv4.
Jul  9 17:46:00 localhost dnsmasq[8671]: started, version 2.48 cachesize 150
Jul  9 17:46:00 localhost dnsmasq[8671]: compile time options: IPv6 GNU-getopt DBus no-I18N DHCP TFTP
Jul  9 17:46:00 localhost dnsmasq-dhcp[8671]: DHCP, IP range 192.168.122.2 -- 192.168.122.254, lease time 1h
Jul  9 17:46:00 localhost dnsmasq[8671]: no servers found in /etc/resolv.conf, will retry
Jul  9 17:46:00 localhost dnsmasq[8671]: read /etc/hosts - 2 addresses
Jul  9 17:46:01 localhost kernel: Ebtables v2.0 registered
Jul  9 17:46:01 localhost kernel: usb 2-1.3: USB disconnect, device number 5
Jul  9 17:46:02 localhost kernel: lo: Disabled Privacy Extensions
Jul  9 17:46:03 localhost kernel: usb 2-1.3: new high speed USB device number 6 using ehci_hcd
Jul  9 17:46:03 localhost kernel: usb 2-1.3: New USB device found, idVendor=2717, idProduct=0368
Jul  9 17:46:03 localhost kernel: usb 2-1.3: New USB device strings: Mfr=1, Product=2, SerialNumber=3
Jul  9 17:46:03 localhost kernel: usb 2-1.3: Product: MI 3C
Jul  9 17:46:03 localhost kernel: usb 2-1.3: Manufacturer: Xiaomi
Jul  9 17:46:03 localhost kernel: usb 2-1.3: SerialNumber: d00c8c91
Jul  9 17:46:03 localhost kernel: usb 2-1.3: configuration #1 chosen from 1 choice
Jul  9 17:46:03 localhost kernel: scsi7 : SCSI emulation for USB Mass Storage devices
Jul  9 17:46:04 localhost kernel: usb 2-1.3: USB disconnect, device number 6
Jul  9 17:46:04 localhost kernel: usb 1-1.1: USB disconnect, device number 3
Jul  9 17:46:06 localhost kernel: usb 1-1.1: new low speed USB device number 5 using ehci_hcd
Jul  9 17:46:06 localhost kernel: usb 1-1.1: New USB device found, idVendor=093a, idProduct=2510
Jul  9 17:46:06 localhost kernel: usb 1-1.1: New USB device strings: Mfr=1, Product=2, SerialNumber=0
Jul  9 17:46:06 localhost kernel: usb 1-1.1: Product: USB Optical Mouse
Jul  9 17:46:06 localhost kernel: usb 1-1.1: Manufacturer: PixArt
Jul  9 17:46:06 localhost kernel: usb 1-1.1: configuration #1 chosen from 1 choice
Jul  9 17:46:06 localhost kernel: input: PixArt USB Optical Mouse as /devices/pci0000:00/0000:00:1a.0/usb1/1-1/1-1.1/1-1.1:1.0/input/input11
Jul  9 17:46:06 localhost kernel: generic-usb 0003:093A:2510.0004: input,hidraw0: USB HID v1.11 Mouse [PixArt USB Optical Mouse] on usb-0000:00:1a.0-1.1/input0
Jul  9 17:46:09 localhost kernel: usb 2-1.3: new high speed USB device number 7 using ehci_hcd
Jul  9 17:46:09 localhost kernel: hub 2-1:1.0: unable to enumerate USB device on port 3
Jul  9 17:46:09 localhost kernel: usb 2-1.3: new high speed USB device number 8 using ehci_hcd
Jul  9 17:46:09 localhost kernel: usb 2-1.3: New USB device found, idVendor=2717, idProduct=0368
Jul  9 17:46:09 localhost kernel: usb 2-1.3: New USB device strings: Mfr=1, Product=2, SerialNumber=3
Jul  9 17:46:09 localhost kernel: usb 2-1.3: Product: MI 3C
Jul  9 17:46:09 localhost kernel: usb 2-1.3: Manufacturer: Xiaomi
Jul  9 17:46:09 localhost kernel: usb 2-1.3: SerialNumber: d00c8c91
Jul  9 17:46:09 localhost kernel: usb 2-1.3: configuration #1 chosen from 1 choice
Jul  9 17:46:09 localhost kernel: scsi8 : SCSI emulation for USB Mass Storage devices
Jul  9 17:46:10 localhost kernel: scsi 8:0:0:0: Direct-Access     Linux    File-Stor Gadget 0000 PQ: 0 ANSI: 2
Jul  9 17:46:10 localhost kernel: sd 8:0:0:0: Attached scsi generic sg2 type 0
Jul  9 17:46:10 localhost kernel: sd 8:0:0:0: [sdb] 5586 2048-byte logical blocks: (11.4 MB/10.9 MiB)
Jul  9 17:46:10 localhost kernel: sd 8:0:0:0: [sdb] Write Protect is on
Jul  9 17:46:10 localhost kernel: sd 8:0:0:0: [sdb] Assuming drive cache: write through
Jul  9 17:46:10 localhost kernel: sd 8:0:0:0: [sdb] 5586 2048-byte logical blocks: (11.4 MB/10.9 MiB)
Jul  9 17:46:10 localhost kernel: sd 8:0:0:0: [sdb] Assuming drive cache: write through
Jul  9 17:46:10 localhost kernel: sdb: unknown partition table
Jul  9 17:46:10 localhost kernel: sd 8:0:0:0: [sdb] 5586 2048-byte logical blocks: (11.4 MB/10.9 MiB)
Jul  9 17:46:10 localhost kernel: sd 8:0:0:0: [sdb] Assuming drive cache: write through
Jul  9 17:46:10 localhost kernel: sd 8:0:0:0: [sdb] Attached SCSI removable disk
Jul  9 17:48:15 localhost kernel: usb 2-1.3: USB disconnect, device number 8
Jul  9 17:48:15 localhost kernel: scsi 8:0:0:0: rejecting I/O to offline device
Jul  9 17:48:15 localhost kernel: scsi 8:0:0:0: killing request
Jul  9 17:49:29 localhost init: rc main process (1553) killed by TERM signal
Jul  9 17:49:30 localhost init: plymouth-shutdown main process (8973) terminated with status 1
Jul  9 17:49:30 localhost init: splash-manager main process (8968) terminated with status 1
Jul  9 17:49:30 localhost avahi-daemon[8053]: Got SIGTERM, quitting.
Jul  9 17:49:30 localhost avahi-daemon[8053]: Leaving mDNS multicast group on interface virbr0.IPv4 with address 192.168.122.1.
Jul  9 17:49:31 localhost abrtd: Got signal 15, exiting
Jul  9 17:49:31 localhost xinetd[8357]: Exiting...
Jul  9 17:49:34 localhost pcscd: pcscdaemon.c:581:signal_trap() Preparing for suicide
Jul  9 17:49:35 localhost pcscd: readerfactory.c:1267:RFCleanupReaders() entering cleaning function
Jul  9 17:49:35 localhost pcscd: pcscdaemon.c:531:at_exit() cleaning /var/run
Jul  9 17:49:35 localhost acpid: exiting
Jul  9 17:49:36 localhost NetworkManager[8041]: <info> caught signal 15, shutting down normally.
Jul  9 17:49:36 localhost NetworkManager[8041]: <info> (eth0): cleaning up...
Jul  9 17:49:36 localhost NetworkManager[8041]: <info> (eth0): taking down device.
Jul  9 17:49:36 localhost NetworkManager[8041]: <info> exiting (success)
Jul  9 17:49:36 localhost init: Disconnected from system bus
Jul  9 17:49:36 localhost rpcbind: rpcbind terminating on signal. Restart with "rpcbind -w"
Jul  9 17:49:36 localhost kernel: Kernel logging (proc) stopped.
Jul  9 17:49:36 localhost rsyslogd: [origin software="rsyslogd" swVersion="5.8.10" x-pid="1744" x-info="http://www.rsyslog.com"] exiting on signal 15.
Jul  9 17:51:10 localhost kernel: imklog 5.8.10, log source = /proc/kmsg started.
Jul  9 17:51:10 localhost rsyslogd: [origin software="rsyslogd" swVersion="5.8.10" x-pid="1727" x-info="http://www.rsyslog.com"] start
Jul  9 17:51:10 localhost kernel: Initializing cgroup subsys cpuset
Jul  9 17:51:10 localhost kernel: Initializing cgroup subsys cpu
Jul  9 17:51:10 localhost kernel: Linux version 2.6.32-279.el6.x86_64 (mockbuild@x86-008.build.bos.redhat.com) (gcc version 4.4.6 20120305 (Red Hat 4.4.6-4) (GCC) ) #1 SMP Wed Jun 13 18:24:36 EDT 2012
Jul  9 17:51:10 localhost kernel: Command line: ro root=/dev/mapper/VolGroup-lv_root rd_NO_LUKS rd_NO_MD rd_LVM_LV=VolGroup/lv_swap crashkernel=128M LANG=zh_CN.UTF-8 rd_LVM_LV=VolGroup/lv_root  KEYBOARDTYPE=pc KEYTABLE=us rd_NO_DM rhgb quiet
Jul  9 17:51:10 localhost kernel: KERNEL supported cpus:
Jul  9 17:51:10 localhost kernel:  Intel GenuineIntel
Jul  9 17:51:10 localhost kernel:  AMD AuthenticAMD
Jul  9 17:51:10 localhost kernel:  Centaur CentaurHauls
Jul  9 17:51:10 localhost kernel: BIOS-provided physical RAM map:
Jul  9 17:51:10 localhost kernel: BIOS-e820: 0000000000000000 - 00000000000a0000 (usable)
Jul  9 17:51:10 localhost kernel: BIOS-e820: 0000000000100000 - 0000000020000000 (usable)
Jul  9 17:51:10 localhost kernel: BIOS-e820: 0000000020000000 - 0000000020200000 (reserved)
Jul  9 17:51:10 localhost kernel: BIOS-e820: 0000000020200000 - 0000000040000000 (usable)
Jul  9 17:51:10 localhost kernel: BIOS-e820: 0000000040000000 - 0000000040200000 (reserved)
Jul  9 17:51:10 localhost kernel: BIOS-e820: 0000000040200000 - 00000000baaa9000 (usable)
Jul  9 17:51:10 localhost kernel: BIOS-e820: 00000000baaa9000 - 00000000baaf2000 (ACPI NVS)
Jul  9 17:51:10 localhost kernel: BIOS-e820: 00000000baaf2000 - 00000000baafb000 (ACPI data)
Jul  9 17:51:10 localhost kernel: BIOS-e820: 00000000baafb000 - 00000000bab0e000 (reserved)
Jul  9 17:51:10 localhost kernel: BIOS-e820: 00000000bab0e000 - 00000000bab10000 (usable)
Jul  9 17:51:10 localhost kernel: BIOS-e820: 00000000bab10000 - 00000000bab1e000 (ACPI NVS)
Jul  9 17:51:10 localhost kernel: BIOS-e820: 00000000bab1e000 - 00000000bab6f000 (reserved)
Jul  9 17:51:10 localhost kernel: BIOS-e820: 00000000bab6f000 - 00000000babb2000 (ACPI NVS)
Jul  9 17:51:10 localhost kernel: BIOS-e820: 00000000babb2000 - 00000000bae2e000 (usable)
Jul  9 17:51:10 localhost kernel: BIOS-e820: 00000000bae2e000 - 00000000bae34000 (reserved)
Jul  9 17:51:10 localhost kernel: BIOS-e820: 00000000bae34000 - 00000000bae44000 (usable)
Jul  9 17:51:10 localhost kernel: BIOS-e820: 00000000bae44000 - 00000000baff4000 (reserved)
Jul  9 17:51:10 localhost kernel: BIOS-e820: 00000000baff4000 - 00000000bb000000 (usable)
Jul  9 17:51:10 localhost kernel: BIOS-e820: 00000000bbe00000 - 00000000c0000000 (reserved)
Jul  9 17:51:10 localhost kernel: BIOS-e820: 00000000fed1c000 - 00000000fed20000 (reserved)
Jul  9 17:51:10 localhost kernel: BIOS-e820: 00000000ff000000 - 0000000100000000 (reserved)
Jul  9 17:51:10 localhost kernel: BIOS-e820: 0000000100000000 - 000000013f800000 (usable)
Jul  9 17:51:10 localhost kernel: EFI v2.10 by American Megatrends
Jul  9 17:51:10 localhost kernel: SMBIOS=0xbab6dd98  ACPI=0xbaaf2000  ACPI 2.0=0xbaaf2000  MPS=0xfc930 
Jul  9 17:51:10 localhost kernel: EFI: mem00: type=3, attr=0xf, range=[0x0000000000000000-0x0000000000008000) (0MB)
Jul  9 17:51:10 localhost kernel: EFI: mem01: type=7, attr=0xf, range=[0x0000000000008000-0x0000000000065000) (0MB)
Jul  9 17:51:10 localhost kernel: EFI: mem02: type=2, attr=0xf, range=[0x0000000000065000-0x0000000000067000) (0MB)
Jul  9 17:51:10 localhost kernel: EFI: mem03: type=4, attr=0xf, range=[0x0000000000067000-0x0000000000078000) (0MB)
Jul  9 17:51:10 localhost kernel: EFI: mem04: type=3, attr=0xf, range=[0x0000000000078000-0x00000000000a0000) (0MB)
Jul  9 17:51:10 localhost kernel: EFI: mem05: type=4, attr=0xf, range=[0x0000000000100000-0x0000000000586000) (4MB)
Jul  9 17:51:10 localhost kernel: EFI: mem06: type=3, attr=0xf, range=[0x0000000000586000-0x000000000058a000) (0MB)
Jul  9 17:51:10 localhost kernel: EFI: mem07: type=4, attr=0xf, range=[0x000000000058a000-0x000000000058f000) (0MB)
Jul  9 17:51:10 localhost kernel: EFI: mem08: type=3, attr=0xf, range=[0x000000000058f000-0x0000000000592000) (0MB)
Jul  9 17:51:10 localhost kernel: EFI: mem09: type=4, attr=0xf, range=[0x0000000000592000-0x00000000005ba000) (0MB)
Jul  9 17:51:10 localhost kernel: EFI: mem10: type=3, attr=0xf, range=[0x00000000005ba000-0x00000000005bc000) (0MB)
Jul  9 17:51:10 localhost kernel: EFI: mem11: type=4, attr=0xf, range=[0x00000000005bc000-0x00000000005c3000) (0MB)
Jul  9 17:51:10 localhost kernel: EFI: mem12: type=3, attr=0xf, range=[0x00000000005c3000-0x00000000005cc000) (0MB)
Jul  9 17:51:10 localhost kernel: EFI: mem13: type=4, attr=0xf, range=[0x00000000005cc000-0x00000000005d4000) (0MB)
Jul  9 17:51:10 localhost kernel: EFI: mem14: type=3, attr=0xf, range=[0x00000000005d4000-0x00000000005d5000) (0MB)
Jul  9 17:51:10 localhost kernel: EFI: mem15: type=4, attr=0xf, range=[0x00000000005d5000-0x00000000005d6000) (0MB)
Jul  9 17:51:10 localhost kernel: EFI: mem16: type=3, attr=0xf, range=[0x00000000005d6000-0x00000000005da000) (0MB)
Jul  9 17:51:10 localhost kernel: EFI: mem17: type=4, attr=0xf, range=[0x00000000005da000-0x00000000005f3000) (0MB)
Jul  9 17:51:10 localhost kernel: EFI: mem18: type=3, attr=0xf, range=[0x00000000005f3000-0x00000000005f4000) (0MB)
Jul  9 17:51:10 localhost kernel: EFI: mem19: type=4, attr=0xf, range=[0x00000000005f4000-0x00000000005fb000) (0MB)
Jul  9 17:51:10 localhost kernel: EFI: mem20: type=3, attr=0xf, range=[0x00000000005fb000-0x0000000000606000) (0MB)
Jul  9 17:51:10 localhost kernel: EFI: mem21: type=4, attr=0xf, range=[0x0000000000606000-0x000000000060a000) (0MB)
Jul  9 17:51:10 localhost kernel: EFI: mem22: type=3, attr=0xf, range=[0x000000000060a000-0x0000000000612000) (0MB)
Jul  9 17:51:10 localhost kernel: EFI: mem23: type=4, attr=0xf, range=[0x0000000000612000-0x0000000000631000) (0MB)
Jul  9 17:51:10 localhost kernel: EFI: mem24: type=3, attr=0xf, range=[0x0000000000631000-0x0000000000634000) (0MB)
Jul  9 17:51:10 localhost kernel: EFI: mem25: type=4, attr=0xf, range=[0x0000000000634000-0x0000000000637000) (0MB)
Jul  9 17:51:10 localhost kernel: EFI: mem26: type=3, attr=0xf, range=[0x0000000000637000-0x000000000063a000) (0MB)
Jul  9 17:51:10 localhost kernel: EFI: mem27: type=4, attr=0xf, range=[0x000000000063a000-0x000000000063e000) (0MB)
Jul  9 17:51:10 localhost kernel: EFI: mem28: type=3, attr=0xf, range=[0x000000000063e000-0x000000000064f000) (0MB)
Jul  9 17:51:10 localhost kernel: EFI: mem29: type=4, attr=0xf, range=[0x000000000064f000-0x000000000065a000) (0MB)
Jul  9 17:51:10 localhost kernel: EFI: mem30: type=3, attr=0xf, range=[0x000000000065a000-0x000000000065c000) (0MB)
Jul  9 17:51:10 localhost kernel: EFI: mem31: type=4, attr=0xf, range=[0x000000000065c000-0x000000000065d000) (0MB)
Jul  9 17:51:10 localhost kernel: EFI: mem32: type=3, attr=0xf, range=[0x000000000065d000-0x0000000000664000) (0MB)
Jul  9 17:51:10 localhost kernel: EFI: mem33: type=4, attr=0xf, range=[0x0000000000664000-0x0000000000666000) (0MB)
Jul  9 17:51:10 localhost kernel: EFI: mem34: type=3, attr=0xf, range=[0x0000000000666000-0x000000000066c000) (0MB)
Jul  9 17:51:10 localhost kernel: EFI: mem35: type=4, attr=0xf, range=[0x000000000066c000-0x000000000066e000) (0MB)
Jul  9 17:51:10 localhost kernel: EFI: mem36: type=3, attr=0xf, range=[0x000000000066e000-0x000000000066f000) (0MB)
Jul  9 17:51:10 localhost kernel: EFI: mem37: type=4, attr=0xf, range=[0x000000000066f000-0x0000000000678000) (0MB)
Jul  9 17:51:10 localhost kernel: EFI: mem38: type=3, attr=0xf, range=[0x0000000000678000-0x0000000000679000) (0MB)
Jul  9 17:51:10 localhost kernel: EFI: mem39: type=4, attr=0xf, range=[0x0000000000679000-0x000000000067a000) (0MB)
Jul  9 17:51:10 localhost kernel: EFI: mem40: type=3, attr=0xf, range=[0x000000000067a000-0x000000000067d000) (0MB)
Jul  9 17:51:10 localhost kernel: EFI: mem41: type=4, attr=0xf, range=[0x000000000067d000-0x0000000000694000) (0MB)
Jul  9 17:51:10 localhost kernel: EFI: mem42: type=3, attr=0xf, range=[0x0000000000694000-0x000000000069d000) (0MB)
Jul  9 17:51:10 localhost kernel: EFI: mem43: type=4, attr=0xf, range=[0x000000000069d000-0x000000000069f000) (0MB)
Jul  9 17:51:10 localhost kernel: EFI: mem44: type=3, attr=0xf, range=[0x000000000069f000-0x00000000006a7000) (0MB)
Jul  9 17:51:10 localhost kernel: EFI: mem45: type=4, attr=0xf, range=[0x00000000006a7000-0x00000000006ad000) (0MB)
Jul  9 17:51:10 localhost kernel: EFI: mem46: type=3, attr=0xf, range=[0x00000000006ad000-0x00000000006b0000) (0MB)
Jul  9 17:51:10 localhost kernel: EFI: mem47: type=4, attr=0xf, range=[0x00000000006b0000-0x00000000006b1000) (0MB)
Jul  9 17:51:10 localhost kernel: EFI: mem48: type=3, attr=0xf, range=[0x00000000006b1000-0x00000000006b5000) (0MB)
Jul  9 17:51:10 localhost kernel: EFI: mem49: type=4, attr=0xf, range=[0x00000000006b5000-0x00000000006bb000) (0MB)
Jul  9 17:51:10 localhost kernel: EFI: mem50: type=3, attr=0xf, range=[0x00000000006bb000-0x00000000006d0000) (0MB)
Jul  9 17:51:10 localhost kernel: EFI: mem51: type=4, attr=0xf, range=[0x00000000006d0000-0x00000000006d3000) (0MB)
Jul  9 17:51:10 localhost kernel: EFI: mem52: type=3, attr=0xf, range=[0x00000000006d3000-0x00000000006d8000) (0MB)
Jul  9 17:51:10 localhost kernel: EFI: mem53: type=4, attr=0xf, range=[0x00000000006d8000-0x00000000006e1000) (0MB)
Jul  9 17:51:10 localhost kernel: EFI: mem54: type=3, attr=0xf, range=[0x00000000006e1000-0x00000000006f6000) (0MB)
Jul  9 17:51:10 localhost kernel: EFI: mem55: type=4, attr=0xf, range=[0x00000000006f6000-0x00000000006f7000) (0MB)
Jul  9 17:51:10 localhost kernel: EFI: mem56: type=3, attr=0xf, range=[0x00000000006f7000-0x00000000006fa000) (0MB)
